
         /\      Grafana   /‾‾/  
    /\  /  \     |\  __   /  /   
   /  \/    \    | |/ /  /   ‾‾\ 
  /          \   |   (  |  (‾)  |
 / __________ \  |_|\_\  \_____/ 


     execution: local
        script: collect/load/k6-diurnal.js
        output: -

     scenarios: (100.00%) 1 scenario, 60 max VUs, 10m30s max duration (incl. graceful stop):
              * diurnal: Up to 60 looping VUs for 10m0s over 5 stages (gracefulRampDown: 5s, gracefulStop: 30s)


running (00m01.0s), 05/60 VUs, 0 complete and 0 interrupted iterations
diurnal   [   0% ] 05/60 VUs  00m01.0s/10m00.0s

running (00m02.0s), 05/60 VUs, 5 complete and 0 interrupted iterations
diurnal   [   0% ] 05/60 VUs  00m02.0s/10m00.0s

running (00m03.0s), 05/60 VUs, 10 complete and 0 interrupted iterations
diurnal   [   0% ] 05/60 VUs  00m03.0s/10m00.0s

running (00m04.0s), 05/60 VUs, 15 complete and 0 interrupted iterations
diurnal   [   1% ] 05/60 VUs  00m04.0s/10m00.0s

running (00m05.0s), 05/60 VUs, 20 complete and 0 interrupted iterations
diurnal   [   1% ] 05/60 VUs  00m05.0s/10m00.0s

running (00m06.0s), 05/60 VUs, 25 complete and 0 interrupted iterations
diurnal   [   1% ] 05/60 VUs  00m06.0s/10m00.0s

running (00m07.0s), 05/60 VUs, 30 complete and 0 interrupted iterations
diurnal   [   1% ] 05/60 VUs  00m07.0s/10m00.0s

running (00m08.0s), 05/60 VUs, 35 complete and 0 interrupted iterations
diurnal   [   1% ] 05/60 VUs  00m08.0s/10m00.0s

running (00m09.0s), 05/60 VUs, 40 complete and 0 interrupted iterations
diurnal   [   1% ] 05/60 VUs  00m09.0s/10m00.0s

running (00m10.0s), 05/60 VUs, 45 complete and 0 interrupted iterations
diurnal   [   2% ] 05/60 VUs  00m10.0s/10m00.0s

running (00m11.0s), 05/60 VUs, 50 complete and 0 interrupted iterations
diurnal   [   2% ] 05/60 VUs  00m11.0s/10m00.0s

running (00m12.0s), 05/60 VUs, 55 complete and 0 interrupted iterations
diurnal   [   2% ] 05/60 VUs  00m12.0s/10m00.0s

running (00m13.0s), 05/60 VUs, 60 complete and 0 interrupted iterations
diurnal   [   2% ] 05/60 VUs  00m13.0s/10m00.0s

running (00m14.0s), 05/60 VUs, 65 complete and 0 interrupted iterations
diurnal   [   2% ] 05/60 VUs  00m14.0s/10m00.0s

running (00m15.0s), 05/60 VUs, 70 complete and 0 interrupted iterations
diurnal   [   2% ] 05/60 VUs  00m15.0s/10m00.0s

running (00m16.0s), 05/60 VUs, 75 complete and 0 interrupted iterations
diurnal   [   3% ] 05/60 VUs  00m16.0s/10m00.0s

running (00m17.0s), 05/60 VUs, 80 complete and 0 interrupted iterations
diurnal   [   3% ] 05/60 VUs  00m17.0s/10m00.0s

running (00m18.0s), 05/60 VUs, 85 complete and 0 interrupted iterations
diurnal   [   3% ] 05/60 VUs  00m18.0s/10m00.0s

running (00m19.0s), 05/60 VUs, 90 complete and 0 interrupted iterations
diurnal   [   3% ] 05/60 VUs  00m19.0s/10m00.0s

running (00m20.0s), 05/60 VUs, 95 complete and 0 interrupted iterations
diurnal   [   3% ] 05/60 VUs  00m20.0s/10m00.0s

running (00m21.0s), 05/60 VUs, 100 complete and 0 interrupted iterations
diurnal   [   3% ] 05/60 VUs  00m21.0s/10m00.0s

running (00m22.0s), 05/60 VUs, 105 complete and 0 interrupted iterations
diurnal   [   4% ] 05/60 VUs  00m22.0s/10m00.0s

running (00m23.0s), 05/60 VUs, 110 complete and 0 interrupted iterations
diurnal   [   4% ] 05/60 VUs  00m23.0s/10m00.0s

running (00m24.0s), 05/60 VUs, 115 complete and 0 interrupted iterations
diurnal   [   4% ] 05/60 VUs  00m24.0s/10m00.0s

running (00m25.0s), 05/60 VUs, 120 complete and 0 interrupted iterations
diurnal   [   4% ] 05/60 VUs  00m25.0s/10m00.0s

running (00m26.0s), 05/60 VUs, 125 complete and 0 interrupted iterations
diurnal   [   4% ] 05/60 VUs  00m26.0s/10m00.0s

running (00m27.0s), 05/60 VUs, 130 complete and 0 interrupted iterations
diurnal   [   4% ] 05/60 VUs  00m27.0s/10m00.0s

running (00m28.0s), 05/60 VUs, 135 complete and 0 interrupted iterations
diurnal   [   5% ] 05/60 VUs  00m28.0s/10m00.0s

running (00m29.0s), 05/60 VUs, 140 complete and 0 interrupted iterations
diurnal   [   5% ] 05/60 VUs  00m29.0s/10m00.0s

running (00m30.0s), 05/60 VUs, 145 complete and 0 interrupted iterations
diurnal   [   5% ] 05/60 VUs  00m30.0s/10m00.0s

running (00m31.0s), 05/60 VUs, 150 complete and 0 interrupted iterations
diurnal   [   5% ] 05/60 VUs  00m31.0s/10m00.0s

running (00m32.0s), 05/60 VUs, 155 complete and 0 interrupted iterations
diurnal   [   5% ] 05/60 VUs  00m32.0s/10m00.0s

running (00m33.0s), 05/60 VUs, 160 complete and 0 interrupted iterations
diurnal   [   5% ] 05/60 VUs  00m33.0s/10m00.0s

running (00m34.0s), 05/60 VUs, 165 complete and 0 interrupted iterations
diurnal   [   6% ] 05/60 VUs  00m34.0s/10m00.0s

running (00m35.0s), 05/60 VUs, 170 complete and 0 interrupted iterations
diurnal   [   6% ] 05/60 VUs  00m35.0s/10m00.0s

running (00m36.0s), 05/60 VUs, 175 complete and 0 interrupted iterations
diurnal   [   6% ] 05/60 VUs  00m36.0s/10m00.0s

running (00m37.0s), 05/60 VUs, 180 complete and 0 interrupted iterations
diurnal   [   6% ] 05/60 VUs  00m37.0s/10m00.0s

running (00m38.0s), 05/60 VUs, 185 complete and 0 interrupted iterations
diurnal   [   6% ] 05/60 VUs  00m38.0s/10m00.0s

running (00m39.0s), 05/60 VUs, 190 complete and 0 interrupted iterations
diurnal   [   6% ] 05/60 VUs  00m39.0s/10m00.0s

running (00m40.0s), 05/60 VUs, 195 complete and 0 interrupted iterations
diurnal   [   7% ] 05/60 VUs  00m40.0s/10m00.0s

running (00m41.0s), 05/60 VUs, 200 complete and 0 interrupted iterations
diurnal   [   7% ] 05/60 VUs  00m41.0s/10m00.0s

running (00m42.0s), 05/60 VUs, 205 complete and 0 interrupted iterations
diurnal   [   7% ] 05/60 VUs  00m42.0s/10m00.0s

running (00m43.0s), 05/60 VUs, 210 complete and 0 interrupted iterations
diurnal   [   7% ] 05/60 VUs  00m43.0s/10m00.0s

running (00m44.0s), 05/60 VUs, 215 complete and 0 interrupted iterations
diurnal   [   7% ] 05/60 VUs  00m44.0s/10m00.0s

running (00m45.0s), 05/60 VUs, 220 complete and 0 interrupted iterations
diurnal   [   7% ] 05/60 VUs  00m45.0s/10m00.0s

running (00m46.0s), 05/60 VUs, 225 complete and 0 interrupted iterations
diurnal   [   8% ] 05/60 VUs  00m46.0s/10m00.0s

running (00m47.0s), 05/60 VUs, 230 complete and 0 interrupted iterations
diurnal   [   8% ] 05/60 VUs  00m47.0s/10m00.0s

running (00m48.0s), 05/60 VUs, 235 complete and 0 interrupted iterations
diurnal   [   8% ] 05/60 VUs  00m48.0s/10m00.0s

running (00m49.0s), 05/60 VUs, 240 complete and 0 interrupted iterations
diurnal   [   8% ] 05/60 VUs  00m49.0s/10m00.0s

running (00m50.0s), 05/60 VUs, 245 complete and 0 interrupted iterations
diurnal   [   8% ] 05/60 VUs  00m50.0s/10m00.0s

running (00m51.0s), 05/60 VUs, 250 complete and 0 interrupted iterations
diurnal   [   8% ] 05/60 VUs  00m51.0s/10m00.0s

running (00m52.0s), 05/60 VUs, 255 complete and 0 interrupted iterations
diurnal   [   9% ] 05/60 VUs  00m52.0s/10m00.0s

running (00m53.0s), 05/60 VUs, 260 complete and 0 interrupted iterations
diurnal   [   9% ] 05/60 VUs  00m53.0s/10m00.0s

running (00m54.0s), 05/60 VUs, 265 complete and 0 interrupted iterations
diurnal   [   9% ] 05/60 VUs  00m54.0s/10m00.0s

running (00m55.0s), 05/60 VUs, 270 complete and 0 interrupted iterations
diurnal   [   9% ] 05/60 VUs  00m55.0s/10m00.0s

running (00m56.0s), 05/60 VUs, 275 complete and 0 interrupted iterations
diurnal   [   9% ] 05/60 VUs  00m56.0s/10m00.0s

running (00m57.0s), 05/60 VUs, 280 complete and 0 interrupted iterations
diurnal   [   9% ] 05/60 VUs  00m57.0s/10m00.0s

running (00m58.0s), 05/60 VUs, 285 complete and 0 interrupted iterations
diurnal   [  10% ] 05/60 VUs  00m58.0s/10m00.0s

running (00m59.0s), 05/60 VUs, 290 complete and 0 interrupted iterations
diurnal   [  10% ] 05/60 VUs  00m59.0s/10m00.0s

running (01m00.0s), 05/60 VUs, 295 complete and 0 interrupted iterations
diurnal   [  10% ] 05/60 VUs  01m00.0s/10m00.0s

running (01m01.0s), 05/60 VUs, 300 complete and 0 interrupted iterations
diurnal   [  10% ] 05/60 VUs  01m01.0s/10m00.0s

running (01m02.0s), 05/60 VUs, 305 complete and 0 interrupted iterations
diurnal   [  10% ] 05/60 VUs  01m02.0s/10m00.0s

running (01m03.0s), 05/60 VUs, 310 complete and 0 interrupted iterations
diurnal   [  10% ] 05/60 VUs  01m03.0s/10m00.0s

running (01m04.0s), 05/60 VUs, 315 complete and 0 interrupted iterations
diurnal   [  11% ] 05/60 VUs  01m04.0s/10m00.0s

running (01m05.0s), 05/60 VUs, 320 complete and 0 interrupted iterations
diurnal   [  11% ] 05/60 VUs  01m05.0s/10m00.0s

running (01m06.0s), 05/60 VUs, 325 complete and 0 interrupted iterations
diurnal   [  11% ] 05/60 VUs  01m06.0s/10m00.0s


  █ TOTAL RESULTS 

    HTTP
    http_req_duration..............: avg=2.02ms min=1.03ms med=1.91ms max=6.31ms p(90)=2.62ms p(95)=3.05ms
      { expected_response:true }...: avg=2.02ms min=1.03ms med=1.91ms max=6.31ms p(90)=2.62ms p(95)=3.05ms
    http_req_failed................: 0.00%  0 out of 335
    http_reqs......................: 335    5.037226/s

    EXECUTION
    iteration_duration.............: avg=1s     min=1s     med=1s     max=1s     p(90)=1s     p(95)=1s    
    iterations.....................: 330    4.962043/s
    vus............................: 5      min=5        max=5 
    vus_max........................: 60     min=60       max=60

    NETWORK
    data_received..................: 286 kB 4.3 kB/s
    data_sent......................: 24 kB  353 B/s




running (01m06.5s), 00/60 VUs, 330 complete and 5 interrupted iterations
diurnal ✗ [  11% ] 03/60 VUs  01m06.5s/10m00.0s
