
         /\      Grafana   /‾‾/  
    /\  /  \     |\  __   /  /   
   /  \/    \    | |/ /  /   ‾‾\ 
  /          \   |   (  |  (‾)  |
 / __________ \  |_|\_\  \_____/ 


     execution: local
        script: collect/load/k6-diurnal.js
        output: -

     scenarios: (100.00%) 1 scenario, 60 max VUs, 14h0m30s max duration (incl. graceful stop):
              * diurnal: Up to 60 looping VUs for 14h0m0s over 420 stages (gracefulRampDown: 5s, gracefulStop: 30s)


running (00h00m01.0s), 05/60 VUs, 0 complete and 0 interrupted iterations
diurnal   [   0% ] 05/60 VUs  00h00m01.0s/14h00m00.0s

running (00h00m02.0s), 05/60 VUs, 5 complete and 0 interrupted iterations
diurnal   [   0% ] 05/60 VUs  00h00m02.0s/14h00m00.0s

running (00h00m03.0s), 05/60 VUs, 10 complete and 0 interrupted iterations
diurnal   [   0% ] 05/60 VUs  00h00m03.0s/14h00m00.0s

running (00h00m04.0s), 05/60 VUs, 15 complete and 0 interrupted iterations
diurnal   [   0% ] 05/60 VUs  00h00m04.0s/14h00m00.0s

running (00h00m05.0s), 05/60 VUs, 20 complete and 0 interrupted iterations
diurnal   [   0% ] 05/60 VUs  00h00m05.0s/14h00m00.0s

running (00h00m06.0s), 05/60 VUs, 25 complete and 0 interrupted iterations
diurnal   [   0% ] 05/60 VUs  00h00m06.0s/14h00m00.0s

running (00h00m07.0s), 05/60 VUs, 30 complete and 0 interrupted iterations
diurnal   [   0% ] 05/60 VUs  00h00m07.0s/14h00m00.0s

running (00h00m08.0s), 05/60 VUs, 35 complete and 0 interrupted iterations
diurnal   [   0% ] 05/60 VUs  00h00m08.0s/14h00m00.0s

running (00h00m09.0s), 05/60 VUs, 40 complete and 0 interrupted iterations
diurnal   [   0% ] 05/60 VUs  00h00m09.0s/14h00m00.0s

running (00h00m10.0s), 05/60 VUs, 45 complete and 0 interrupted iterations
diurnal   [   0% ] 05/60 VUs  00h00m10.0s/14h00m00.0s

running (00h00m11.0s), 05/60 VUs, 50 complete and 0 interrupted iterations
diurnal   [   0% ] 05/60 VUs  00h00m11.0s/14h00m00.0s

running (00h00m12.0s), 05/60 VUs, 55 complete and 0 interrupted iterations
diurnal   [   0% ] 05/60 VUs  00h00m12.0s/14h00m00.0s

running (00h00m13.0s), 05/60 VUs, 60 complete and 0 interrupted iterations
diurnal   [   0% ] 05/60 VUs  00h00m13.0s/14h00m00.0s

running (00h00m14.0s), 05/60 VUs, 65 complete and 0 interrupted iterations
diurnal   [   0% ] 05/60 VUs  00h00m14.0s/14h00m00.0s

running (00h00m15.0s), 05/60 VUs, 70 complete and 0 interrupted iterations
diurnal   [   0% ] 05/60 VUs  00h00m15.0s/14h00m00.0s

running (00h00m16.0s), 05/60 VUs, 75 complete and 0 interrupted iterations
diurnal   [   0% ] 05/60 VUs  00h00m16.0s/14h00m00.0s

running (00h00m17.0s), 05/60 VUs, 80 complete and 0 interrupted iterations
diurnal   [   0% ] 05/60 VUs  00h00m17.0s/14h00m00.0s

running (00h00m18.0s), 05/60 VUs, 85 complete and 0 interrupted iterations
diurnal   [   0% ] 05/60 VUs  00h00m18.0s/14h00m00.0s

running (00h00m19.0s), 05/60 VUs, 90 complete and 0 interrupted iterations
diurnal   [   0% ] 05/60 VUs  00h00m19.0s/14h00m00.0s

running (00h00m20.0s), 05/60 VUs, 95 complete and 0 interrupted iterations
diurnal   [   0% ] 05/60 VUs  00h00m20.0s/14h00m00.0s

running (00h00m21.0s), 05/60 VUs, 100 complete and 0 interrupted iterations
diurnal   [   0% ] 05/60 VUs  00h00m21.0s/14h00m00.0s

running (00h00m22.0s), 05/60 VUs, 105 complete and 0 interrupted iterations
diurnal   [   0% ] 05/60 VUs  00h00m22.0s/14h00m00.0s

running (00h00m23.0s), 05/60 VUs, 110 complete and 0 interrupted iterations
diurnal   [   0% ] 05/60 VUs  00h00m23.0s/14h00m00.0s

running (00h00m24.0s), 05/60 VUs, 115 complete and 0 interrupted iterations
diurnal   [   0% ] 05/60 VUs  00h00m24.0s/14h00m00.0s

running (00h00m25.0s), 05/60 VUs, 120 complete and 0 interrupted iterations
diurnal   [   0% ] 05/60 VUs  00h00m25.0s/14h00m00.0s

running (00h00m26.0s), 05/60 VUs, 125 complete and 0 interrupted iterations
diurnal   [   0% ] 05/60 VUs  00h00m26.0s/14h00m00.0s

running (00h00m27.0s), 05/60 VUs, 130 complete and 0 interrupted iterations
diurnal   [   0% ] 05/60 VUs  00h00m27.0s/14h00m00.0s

running (00h00m28.0s), 05/60 VUs, 135 complete and 0 interrupted iterations
diurnal   [   0% ] 05/60 VUs  00h00m28.0s/14h00m00.0s

running (00h00m29.0s), 05/60 VUs, 140 complete and 0 interrupted iterations
diurnal   [   0% ] 05/60 VUs  00h00m29.0s/14h00m00.0s

running (00h00m30.0s), 05/60 VUs, 145 complete and 0 interrupted iterations
diurnal   [   0% ] 05/60 VUs  00h00m30.0s/14h00m00.0s

running (00h00m31.0s), 05/60 VUs, 150 complete and 0 interrupted iterations
diurnal   [   0% ] 05/60 VUs  00h00m31.0s/14h00m00.0s

running (00h00m32.0s), 05/60 VUs, 155 complete and 0 interrupted iterations
diurnal   [   0% ] 05/60 VUs  00h00m32.0s/14h00m00.0s

running (00h00m33.0s), 05/60 VUs, 160 complete and 0 interrupted iterations
diurnal   [   0% ] 05/60 VUs  00h00m33.0s/14h00m00.0s

running (00h00m34.0s), 05/60 VUs, 165 complete and 0 interrupted iterations
diurnal   [   0% ] 05/60 VUs  00h00m34.0s/14h00m00.0s

running (00h00m35.0s), 05/60 VUs, 170 complete and 0 interrupted iterations
diurnal   [   0% ] 05/60 VUs  00h00m35.0s/14h00m00.0s

running (00h00m36.0s), 05/60 VUs, 175 complete and 0 interrupted iterations
diurnal   [   0% ] 05/60 VUs  00h00m36.0s/14h00m00.0s

running (00h00m37.0s), 05/60 VUs, 180 complete and 0 interrupted iterations
diurnal   [   0% ] 05/60 VUs  00h00m37.0s/14h00m00.0s

running (00h00m38.0s), 05/60 VUs, 185 complete and 0 interrupted iterations
diurnal   [   0% ] 05/60 VUs  00h00m38.0s/14h00m00.0s

running (00h00m39.0s), 05/60 VUs, 190 complete and 0 interrupted iterations
diurnal   [   0% ] 05/60 VUs  00h00m39.0s/14h00m00.0s

running (00h00m40.0s), 05/60 VUs, 195 complete and 0 interrupted iterations
diurnal   [   0% ] 05/60 VUs  00h00m40.0s/14h00m00.0s

running (00h00m41.0s), 05/60 VUs, 200 complete and 0 interrupted iterations
diurnal   [   0% ] 05/60 VUs  00h00m41.0s/14h00m00.0s

running (00h00m42.0s), 05/60 VUs, 205 complete and 0 interrupted iterations
diurnal   [   0% ] 05/60 VUs  00h00m42.0s/14h00m00.0s

running (00h00m43.0s), 05/60 VUs, 210 complete and 0 interrupted iterations
diurnal   [   0% ] 05/60 VUs  00h00m43.0s/14h00m00.0s

running (00h00m44.0s), 05/60 VUs, 215 complete and 0 interrupted iterations
diurnal   [   0% ] 05/60 VUs  00h00m44.0s/14h00m00.0s

running (00h00m45.0s), 05/60 VUs, 220 complete and 0 interrupted iterations
diurnal   [   0% ] 05/60 VUs  00h00m45.0s/14h00m00.0s

running (00h00m46.0s), 05/60 VUs, 225 complete and 0 interrupted iterations
diurnal   [   0% ] 05/60 VUs  00h00m46.0s/14h00m00.0s

running (00h00m47.0s), 05/60 VUs, 230 complete and 0 interrupted iterations
diurnal   [   0% ] 05/60 VUs  00h00m47.0s/14h00m00.0s

running (00h00m48.0s), 05/60 VUs, 235 complete and 0 interrupted iterations
diurnal   [   0% ] 05/60 VUs  00h00m48.0s/14h00m00.0s

running (00h00m49.0s), 05/60 VUs, 240 complete and 0 interrupted iterations
diurnal   [   0% ] 05/60 VUs  00h00m49.0s/14h00m00.0s

running (00h00m50.0s), 05/60 VUs, 245 complete and 0 interrupted iterations
diurnal   [   0% ] 05/60 VUs  00h00m50.0s/14h00m00.0s

running (00h00m51.0s), 05/60 VUs, 250 complete and 0 interrupted iterations
diurnal   [   0% ] 05/60 VUs  00h00m51.0s/14h00m00.0s

running (00h00m52.0s), 05/60 VUs, 255 complete and 0 interrupted iterations
diurnal   [   0% ] 05/60 VUs  00h00m52.0s/14h00m00.0s

running (00h00m53.0s), 05/60 VUs, 260 complete and 0 interrupted iterations
diurnal   [   0% ] 05/60 VUs  00h00m53.0s/14h00m00.0s

running (00h00m54.0s), 05/60 VUs, 265 complete and 0 interrupted iterations
diurnal   [   0% ] 05/60 VUs  00h00m54.0s/14h00m00.0s

running (00h00m55.0s), 05/60 VUs, 270 complete and 0 interrupted iterations
diurnal   [   0% ] 05/60 VUs  00h00m55.0s/14h00m00.0s

running (00h00m56.0s), 05/60 VUs, 275 complete and 0 interrupted iterations
diurnal   [   0% ] 05/60 VUs  00h00m56.0s/14h00m00.0s

running (00h00m57.0s), 05/60 VUs, 280 complete and 0 interrupted iterations
diurnal   [   0% ] 05/60 VUs  00h00m57.0s/14h00m00.0s

running (00h00m58.0s), 05/60 VUs, 285 complete and 0 interrupted iterations
diurnal   [   0% ] 05/60 VUs  00h00m58.0s/14h00m00.0s

running (00h00m59.0s), 05/60 VUs, 290 complete and 0 interrupted iterations
diurnal   [   0% ] 05/60 VUs  00h00m59.0s/14h00m00.0s

running (00h01m00.0s), 05/60 VUs, 295 complete and 0 interrupted iterations
diurnal   [   0% ] 05/60 VUs  00h01m00.0s/14h00m00.0s

running (00h01m01.0s), 05/60 VUs, 300 complete and 0 interrupted iterations
diurnal   [   0% ] 05/60 VUs  00h01m01.0s/14h00m00.0s

running (00h01m02.0s), 05/60 VUs, 305 complete and 0 interrupted iterations
diurnal   [   0% ] 05/60 VUs  00h01m02.0s/14h00m00.0s

running (00h01m03.0s), 05/60 VUs, 310 complete and 0 interrupted iterations
diurnal   [   0% ] 05/60 VUs  00h01m03.0s/14h00m00.0s

running (00h01m04.0s), 05/60 VUs, 315 complete and 0 interrupted iterations
diurnal   [   0% ] 05/60 VUs  00h01m04.0s/14h00m00.0s

running (00h01m05.0s), 05/60 VUs, 320 complete and 0 interrupted iterations
diurnal   [   0% ] 05/60 VUs  00h01m05.0s/14h00m00.0s

running (00h01m06.0s), 05/60 VUs, 325 complete and 0 interrupted iterations
diurnal   [   0% ] 05/60 VUs  00h01m06.0s/14h00m00.0s

running (00h01m07.0s), 05/60 VUs, 330 complete and 0 interrupted iterations
diurnal   [   0% ] 05/60 VUs  00h01m07.0s/14h00m00.0s

running (00h01m08.0s), 05/60 VUs, 335 complete and 0 interrupted iterations
diurnal   [   0% ] 05/60 VUs  00h01m08.0s/14h00m00.0s

running (00h01m09.0s), 05/60 VUs, 340 complete and 0 interrupted iterations
diurnal   [   0% ] 05/60 VUs  00h01m09.0s/14h00m00.0s

running (00h01m10.0s), 05/60 VUs, 345 complete and 0 interrupted iterations
diurnal   [   0% ] 05/60 VUs  00h01m10.0s/14h00m00.0s

running (00h01m11.0s), 05/60 VUs, 350 complete and 0 interrupted iterations
diurnal   [   0% ] 05/60 VUs  00h01m11.0s/14h00m00.0s

running (00h01m12.0s), 05/60 VUs, 355 complete and 0 interrupted iterations
diurnal   [   0% ] 05/60 VUs  00h01m12.0s/14h00m00.0s

running (00h01m13.0s), 05/60 VUs, 360 complete and 0 interrupted iterations
diurnal   [   0% ] 05/60 VUs  00h01m13.0s/14h00m00.0s

running (00h01m14.0s), 05/60 VUs, 365 complete and 0 interrupted iterations
diurnal   [   0% ] 05/60 VUs  00h01m14.0s/14h00m00.0s

running (00h01m15.0s), 05/60 VUs, 370 complete and 0 interrupted iterations
diurnal   [   0% ] 05/60 VUs  00h01m15.0s/14h00m00.0s

running (00h01m16.0s), 05/60 VUs, 375 complete and 0 interrupted iterations
diurnal   [   0% ] 05/60 VUs  00h01m16.0s/14h00m00.0s

running (00h01m17.0s), 05/60 VUs, 380 complete and 0 interrupted iterations
diurnal   [   0% ] 05/60 VUs  00h01m17.0s/14h00m00.0s

running (00h01m18.0s), 05/60 VUs, 385 complete and 0 interrupted iterations
diurnal   [   0% ] 05/60 VUs  00h01m18.0s/14h00m00.0s

running (00h01m19.0s), 05/60 VUs, 390 complete and 0 interrupted iterations
diurnal   [   0% ] 05/60 VUs  00h01m19.0s/14h00m00.0s

running (00h01m20.0s), 05/60 VUs, 395 complete and 0 interrupted iterations
diurnal   [   0% ] 05/60 VUs  00h01m20.0s/14h00m00.0s

running (00h01m21.0s), 05/60 VUs, 400 complete and 0 interrupted iterations
diurnal   [   0% ] 05/60 VUs  00h01m21.0s/14h00m00.0s

running (00h01m22.0s), 05/60 VUs, 405 complete and 0 interrupted iterations
diurnal   [   0% ] 05/60 VUs  00h01m22.0s/14h00m00.0s

running (00h01m23.0s), 05/60 VUs, 410 complete and 0 interrupted iterations
diurnal   [   0% ] 05/60 VUs  00h01m23.0s/14h00m00.0s

running (00h01m24.0s), 05/60 VUs, 415 complete and 0 interrupted iterations
diurnal   [   0% ] 05/60 VUs  00h01m24.0s/14h00m00.0s

running (00h01m25.0s), 05/60 VUs, 420 complete and 0 interrupted iterations
diurnal   [   0% ] 05/60 VUs  00h01m25.0s/14h00m00.0s

running (00h01m26.0s), 05/60 VUs, 425 complete and 0 interrupted iterations
diurnal   [   0% ] 05/60 VUs  00h01m26.0s/14h00m00.0s

running (00h01m27.0s), 05/60 VUs, 430 complete and 0 interrupted iterations
diurnal   [   0% ] 05/60 VUs  00h01m27.0s/14h00m00.0s

running (00h01m28.0s), 05/60 VUs, 435 complete and 0 interrupted iterations
diurnal   [   0% ] 05/60 VUs  00h01m28.0s/14h00m00.0s

running (00h01m29.0s), 05/60 VUs, 440 complete and 0 interrupted iterations
diurnal   [   0% ] 05/60 VUs  00h01m29.0s/14h00m00.0s

running (00h01m30.0s), 05/60 VUs, 445 complete and 0 interrupted iterations
diurnal   [   0% ] 05/60 VUs  00h01m30.0s/14h00m00.0s

running (00h01m31.0s), 05/60 VUs, 450 complete and 0 interrupted iterations
diurnal   [   0% ] 05/60 VUs  00h01m31.0s/14h00m00.0s

running (00h01m32.0s), 05/60 VUs, 455 complete and 0 interrupted iterations
diurnal   [   0% ] 05/60 VUs  00h01m32.0s/14h00m00.0s

running (00h01m33.0s), 05/60 VUs, 460 complete and 0 interrupted iterations
diurnal   [   0% ] 05/60 VUs  00h01m33.0s/14h00m00.0s

running (00h01m34.0s), 05/60 VUs, 465 complete and 0 interrupted iterations
diurnal   [   0% ] 05/60 VUs  00h01m34.0s/14h00m00.0s

running (00h01m35.0s), 05/60 VUs, 470 complete and 0 interrupted iterations
diurnal   [   0% ] 05/60 VUs  00h01m35.0s/14h00m00.0s

running (00h01m36.0s), 05/60 VUs, 475 complete and 0 interrupted iterations
diurnal   [   0% ] 05/60 VUs  00h01m36.0s/14h00m00.0s

running (00h01m37.0s), 05/60 VUs, 480 complete and 0 interrupted iterations
diurnal   [   0% ] 05/60 VUs  00h01m37.0s/14h00m00.0s

running (00h01m38.0s), 05/60 VUs, 485 complete and 0 interrupted iterations
diurnal   [   0% ] 05/60 VUs  00h01m38.0s/14h00m00.0s

running (00h01m39.0s), 05/60 VUs, 490 complete and 0 interrupted iterations
diurnal   [   0% ] 05/60 VUs  00h01m39.0s/14h00m00.0s

running (00h01m40.0s), 05/60 VUs, 495 complete and 0 interrupted iterations
diurnal   [   0% ] 05/60 VUs  00h01m40.0s/14h00m00.0s

running (00h01m41.0s), 05/60 VUs, 500 complete and 0 interrupted iterations
diurnal   [   0% ] 05/60 VUs  00h01m41.0s/14h00m00.0s

running (00h01m42.0s), 05/60 VUs, 505 complete and 0 interrupted iterations
diurnal   [   0% ] 05/60 VUs  00h01m42.0s/14h00m00.0s

running (00h01m43.0s), 05/60 VUs, 510 complete and 0 interrupted iterations
diurnal   [   0% ] 05/60 VUs  00h01m43.0s/14h00m00.0s

running (00h01m44.0s), 05/60 VUs, 515 complete and 0 interrupted iterations
diurnal   [   0% ] 05/60 VUs  00h01m44.0s/14h00m00.0s

running (00h01m45.0s), 05/60 VUs, 520 complete and 0 interrupted iterations
diurnal   [   0% ] 05/60 VUs  00h01m45.0s/14h00m00.0s

running (00h01m46.0s), 05/60 VUs, 525 complete and 0 interrupted iterations
diurnal   [   0% ] 05/60 VUs  00h01m46.0s/14h00m00.0s

running (00h01m47.0s), 05/60 VUs, 530 complete and 0 interrupted iterations
diurnal   [   0% ] 05/60 VUs  00h01m47.0s/14h00m00.0s

running (00h01m48.0s), 05/60 VUs, 535 complete and 0 interrupted iterations
diurnal   [   0% ] 05/60 VUs  00h01m48.0s/14h00m00.0s

running (00h01m49.0s), 05/60 VUs, 540 complete and 0 interrupted iterations
diurnal   [   0% ] 05/60 VUs  00h01m49.0s/14h00m00.0s

running (00h01m50.0s), 05/60 VUs, 545 complete and 0 interrupted iterations
diurnal   [   0% ] 05/60 VUs  00h01m50.0s/14h00m00.0s

running (00h01m51.0s), 05/60 VUs, 550 complete and 0 interrupted iterations
diurnal   [   0% ] 05/60 VUs  00h01m51.0s/14h00m00.0s

running (00h01m52.0s), 05/60 VUs, 555 complete and 0 interrupted iterations
diurnal   [   0% ] 05/60 VUs  00h01m52.0s/14h00m00.0s

running (00h01m53.0s), 05/60 VUs, 560 complete and 0 interrupted iterations
diurnal   [   0% ] 05/60 VUs  00h01m53.0s/14h00m00.0s

running (00h01m54.0s), 05/60 VUs, 565 complete and 0 interrupted iterations
diurnal   [   0% ] 05/60 VUs  00h01m54.0s/14h00m00.0s

running (00h01m55.0s), 05/60 VUs, 570 complete and 0 interrupted iterations
diurnal   [   0% ] 05/60 VUs  00h01m55.0s/14h00m00.0s

running (00h01m56.0s), 05/60 VUs, 575 complete and 0 interrupted iterations
diurnal   [   0% ] 05/60 VUs  00h01m56.0s/14h00m00.0s

running (00h01m57.0s), 05/60 VUs, 580 complete and 0 interrupted iterations
diurnal   [   0% ] 05/60 VUs  00h01m57.0s/14h00m00.0s

running (00h01m58.0s), 05/60 VUs, 585 complete and 0 interrupted iterations
diurnal   [   0% ] 05/60 VUs  00h01m58.0s/14h00m00.0s

running (00h01m59.0s), 05/60 VUs, 590 complete and 0 interrupted iterations
diurnal   [   0% ] 05/60 VUs  00h01m59.0s/14h00m00.0s

running (00h02m00.0s), 05/60 VUs, 595 complete and 0 interrupted iterations
diurnal   [   0% ] 05/60 VUs  00h02m00.0s/14h00m00.0s

running (00h02m01.0s), 05/60 VUs, 600 complete and 0 interrupted iterations
diurnal   [   0% ] 05/60 VUs  00h02m01.0s/14h00m00.0s

running (00h02m02.0s), 05/60 VUs, 605 complete and 0 interrupted iterations
diurnal   [   0% ] 05/60 VUs  00h02m02.0s/14h00m00.0s

running (00h02m03.0s), 05/60 VUs, 610 complete and 0 interrupted iterations
diurnal   [   0% ] 05/60 VUs  00h02m03.0s/14h00m00.0s

running (00h02m04.0s), 06/60 VUs, 615 complete and 0 interrupted iterations
diurnal   [   0% ] 06/60 VUs  00h02m04.0s/14h00m00.0s

running (00h02m05.0s), 06/60 VUs, 621 complete and 0 interrupted iterations
diurnal   [   0% ] 06/60 VUs  00h02m05.0s/14h00m00.0s

running (00h02m06.0s), 06/60 VUs, 627 complete and 0 interrupted iterations
diurnal   [   0% ] 06/60 VUs  00h02m06.0s/14h00m00.0s

running (00h02m07.0s), 07/60 VUs, 633 complete and 0 interrupted iterations
diurnal   [   0% ] 07/60 VUs  00h02m07.0s/14h00m00.0s

running (00h02m08.0s), 07/60 VUs, 640 complete and 0 interrupted iterations
diurnal   [   0% ] 07/60 VUs  00h02m08.0s/14h00m00.0s

running (00h02m09.0s), 07/60 VUs, 647 complete and 0 interrupted iterations
diurnal   [   0% ] 07/60 VUs  00h02m09.0s/14h00m00.0s

running (00h02m10.0s), 07/60 VUs, 654 complete and 0 interrupted iterations
diurnal   [   0% ] 07/60 VUs  00h02m10.0s/14h00m00.0s

running (00h02m11.0s), 08/60 VUs, 661 complete and 0 interrupted iterations
diurnal   [   0% ] 08/60 VUs  00h02m11.0s/14h00m00.0s

running (00h02m12.0s), 08/60 VUs, 669 complete and 0 interrupted iterations
diurnal   [   0% ] 08/60 VUs  00h02m12.0s/14h00m00.0s

running (00h02m13.0s), 08/60 VUs, 677 complete and 0 interrupted iterations
diurnal   [   0% ] 08/60 VUs  00h02m13.0s/14h00m00.0s

running (00h02m14.0s), 09/60 VUs, 685 complete and 0 interrupted iterations
diurnal   [   0% ] 09/60 VUs  00h02m14.0s/14h00m00.0s

running (00h02m15.0s), 09/60 VUs, 694 complete and 0 interrupted iterations
diurnal   [   0% ] 09/60 VUs  00h02m15.0s/14h00m00.0s

running (00h02m16.0s), 09/60 VUs, 703 complete and 0 interrupted iterations
diurnal   [   0% ] 09/60 VUs  00h02m16.0s/14h00m00.0s

running (00h02m17.0s), 09/60 VUs, 712 complete and 0 interrupted iterations
diurnal   [   0% ] 09/60 VUs  00h02m17.0s/14h00m00.0s

running (00h02m18.0s), 10/60 VUs, 721 complete and 0 interrupted iterations
diurnal   [   0% ] 10/60 VUs  00h02m18.0s/14h00m00.0s

running (00h02m19.0s), 10/60 VUs, 731 complete and 0 interrupted iterations
diurnal   [   0% ] 10/60 VUs  00h02m19.0s/14h00m00.0s

running (00h02m20.0s), 10/60 VUs, 741 complete and 0 interrupted iterations
diurnal   [   0% ] 10/60 VUs  00h02m20.0s/14h00m00.0s

running (00h02m21.0s), 11/60 VUs, 751 complete and 0 interrupted iterations
diurnal   [   0% ] 11/60 VUs  00h02m21.0s/14h00m00.0s

running (00h02m22.0s), 11/60 VUs, 762 complete and 0 interrupted iterations
diurnal   [   0% ] 11/60 VUs  00h02m22.0s/14h00m00.0s

running (00h02m23.0s), 11/60 VUs, 773 complete and 0 interrupted iterations
diurnal   [   0% ] 11/60 VUs  00h02m23.0s/14h00m00.0s

running (00h02m24.0s), 11/60 VUs, 784 complete and 0 interrupted iterations
diurnal   [   0% ] 11/60 VUs  00h02m24.0s/14h00m00.0s

running (00h02m25.0s), 12/60 VUs, 795 complete and 0 interrupted iterations
diurnal   [   0% ] 12/60 VUs  00h02m25.0s/14h00m00.0s

running (00h02m26.0s), 12/60 VUs, 807 complete and 0 interrupted iterations
diurnal   [   0% ] 12/60 VUs  00h02m26.0s/14h00m00.0s

running (00h02m27.0s), 12/60 VUs, 819 complete and 0 interrupted iterations
diurnal   [   0% ] 12/60 VUs  00h02m27.0s/14h00m00.0s

running (00h02m28.0s), 13/60 VUs, 831 complete and 0 interrupted iterations
diurnal   [   0% ] 13/60 VUs  00h02m28.0s/14h00m00.0s

running (00h02m29.0s), 13/60 VUs, 844 complete and 0 interrupted iterations
diurnal   [   0% ] 13/60 VUs  00h02m29.0s/14h00m00.0s

running (00h02m30.0s), 13/60 VUs, 857 complete and 0 interrupted iterations
diurnal   [   0% ] 13/60 VUs  00h02m30.0s/14h00m00.0s

running (00h02m31.0s), 14/60 VUs, 870 complete and 0 interrupted iterations
diurnal   [   0% ] 14/60 VUs  00h02m31.0s/14h00m00.0s

running (00h02m32.0s), 14/60 VUs, 884 complete and 0 interrupted iterations
diurnal   [   0% ] 14/60 VUs  00h02m32.0s/14h00m00.0s

running (00h02m33.0s), 14/60 VUs, 898 complete and 0 interrupted iterations
diurnal   [   0% ] 14/60 VUs  00h02m33.0s/14h00m00.0s

running (00h02m34.0s), 14/60 VUs, 912 complete and 0 interrupted iterations
diurnal   [   0% ] 14/60 VUs  00h02m34.0s/14h00m00.0s

running (00h02m35.0s), 15/60 VUs, 926 complete and 0 interrupted iterations
diurnal   [   0% ] 15/60 VUs  00h02m35.0s/14h00m00.0s

running (00h02m36.0s), 15/60 VUs, 941 complete and 0 interrupted iterations
diurnal   [   0% ] 15/60 VUs  00h02m36.0s/14h00m00.0s

running (00h02m37.0s), 15/60 VUs, 956 complete and 0 interrupted iterations
diurnal   [   0% ] 15/60 VUs  00h02m37.0s/14h00m00.0s

running (00h02m38.0s), 16/60 VUs, 971 complete and 0 interrupted iterations
diurnal   [   0% ] 16/60 VUs  00h02m38.0s/14h00m00.0s

running (00h02m39.0s), 16/60 VUs, 987 complete and 0 interrupted iterations
diurnal   [   0% ] 16/60 VUs  00h02m39.0s/14h00m00.0s

running (00h02m40.0s), 16/60 VUs, 1003 complete and 0 interrupted iterations
diurnal   [   0% ] 16/60 VUs  00h02m40.0s/14h00m00.0s

running (00h02m41.0s), 16/60 VUs, 1019 complete and 0 interrupted iterations
diurnal   [   0% ] 16/60 VUs  00h02m41.0s/14h00m00.0s

running (00h02m42.0s), 17/60 VUs, 1035 complete and 0 interrupted iterations
diurnal   [   0% ] 17/60 VUs  00h02m42.0s/14h00m00.0s

running (00h02m43.0s), 17/60 VUs, 1052 complete and 0 interrupted iterations
diurnal   [   0% ] 17/60 VUs  00h02m43.0s/14h00m00.0s

running (00h02m44.0s), 17/60 VUs, 1069 complete and 0 interrupted iterations
diurnal   [   0% ] 17/60 VUs  00h02m44.0s/14h00m00.0s

running (00h02m45.0s), 18/60 VUs, 1086 complete and 0 interrupted iterations
diurnal   [   0% ] 18/60 VUs  00h02m45.0s/14h00m00.0s

running (00h02m46.0s), 18/60 VUs, 1104 complete and 0 interrupted iterations
diurnal   [   0% ] 18/60 VUs  00h02m46.0s/14h00m00.0s

running (00h02m47.0s), 18/60 VUs, 1122 complete and 0 interrupted iterations
diurnal   [   0% ] 18/60 VUs  00h02m47.0s/14h00m00.0s

running (00h02m48.0s), 18/60 VUs, 1140 complete and 0 interrupted iterations
diurnal   [   0% ] 18/60 VUs  00h02m48.0s/14h00m00.0s

running (00h02m49.0s), 19/60 VUs, 1158 complete and 0 interrupted iterations
diurnal   [   0% ] 19/60 VUs  00h02m49.0s/14h00m00.0s

running (00h02m50.0s), 19/60 VUs, 1177 complete and 0 interrupted iterations
diurnal   [   0% ] 19/60 VUs  00h02m50.0s/14h00m00.0s

running (00h02m51.0s), 19/60 VUs, 1196 complete and 0 interrupted iterations
diurnal   [   0% ] 19/60 VUs  00h02m51.0s/14h00m00.0s

running (00h02m52.0s), 20/60 VUs, 1215 complete and 0 interrupted iterations
diurnal   [   0% ] 20/60 VUs  00h02m52.0s/14h00m00.0s

running (00h02m53.0s), 20/60 VUs, 1235 complete and 0 interrupted iterations
diurnal   [   0% ] 20/60 VUs  00h02m53.0s/14h00m00.0s

running (00h02m54.0s), 20/60 VUs, 1255 complete and 0 interrupted iterations
diurnal   [   0% ] 20/60 VUs  00h02m54.0s/14h00m00.0s

running (00h02m55.0s), 21/60 VUs, 1275 complete and 0 interrupted iterations
diurnal   [   0% ] 21/60 VUs  00h02m55.0s/14h00m00.0s

running (00h02m56.0s), 21/60 VUs, 1295 complete and 0 interrupted iterations
diurnal   [   0% ] 21/60 VUs  00h02m56.0s/14h00m00.0s

running (00h02m57.0s), 21/60 VUs, 1316 complete and 0 interrupted iterations
diurnal   [   0% ] 21/60 VUs  00h02m57.0s/14h00m00.0s

running (00h02m58.0s), 21/60 VUs, 1337 complete and 0 interrupted iterations
diurnal   [   0% ] 21/60 VUs  00h02m58.0s/14h00m00.0s

running (00h02m59.0s), 22/60 VUs, 1358 complete and 0 interrupted iterations
diurnal   [   0% ] 22/60 VUs  00h02m59.0s/14h00m00.0s

running (00h03m00.0s), 22/60 VUs, 1380 complete and 0 interrupted iterations
diurnal   [   0% ] 22/60 VUs  00h03m00.0s/14h00m00.0s

running (00h03m01.0s), 22/60 VUs, 1402 complete and 0 interrupted iterations
diurnal   [   0% ] 22/60 VUs  00h03m01.0s/14h00m00.0s

running (00h03m02.0s), 23/60 VUs, 1424 complete and 0 interrupted iterations
diurnal   [   0% ] 23/60 VUs  00h03m02.0s/14h00m00.0s

running (00h03m03.0s), 23/60 VUs, 1447 complete and 0 interrupted iterations
diurnal   [   0% ] 23/60 VUs  00h03m03.0s/14h00m00.0s

running (00h03m04.0s), 23/60 VUs, 1470 complete and 0 interrupted iterations
diurnal   [   0% ] 23/60 VUs  00h03m04.0s/14h00m00.0s

running (00h03m05.0s), 23/60 VUs, 1493 complete and 0 interrupted iterations
diurnal   [   0% ] 23/60 VUs  00h03m05.0s/14h00m00.0s

running (00h03m06.0s), 24/60 VUs, 1516 complete and 0 interrupted iterations
diurnal   [   0% ] 24/60 VUs  00h03m06.0s/14h00m00.0s

running (00h03m07.0s), 24/60 VUs, 1540 complete and 0 interrupted iterations
diurnal   [   0% ] 24/60 VUs  00h03m07.0s/14h00m00.0s

running (00h03m08.0s), 24/60 VUs, 1564 complete and 0 interrupted iterations
diurnal   [   0% ] 24/60 VUs  00h03m08.0s/14h00m00.0s

running (00h03m09.0s), 25/60 VUs, 1588 complete and 0 interrupted iterations
diurnal   [   0% ] 25/60 VUs  00h03m09.0s/14h00m00.0s

running (00h03m10.0s), 25/60 VUs, 1613 complete and 0 interrupted iterations
diurnal   [   0% ] 25/60 VUs  00h03m10.0s/14h00m00.0s

running (00h03m11.0s), 25/60 VUs, 1638 complete and 0 interrupted iterations
diurnal   [   0% ] 25/60 VUs  00h03m11.0s/14h00m00.0s

running (00h03m12.0s), 25/60 VUs, 1663 complete and 0 interrupted iterations
diurnal   [   0% ] 25/60 VUs  00h03m12.0s/14h00m00.0s

running (00h03m13.0s), 26/60 VUs, 1688 complete and 0 interrupted iterations
diurnal   [   0% ] 26/60 VUs  00h03m13.0s/14h00m00.0s

running (00h03m14.0s), 26/60 VUs, 1714 complete and 0 interrupted iterations
diurnal   [   0% ] 26/60 VUs  00h03m14.0s/14h00m00.0s

running (00h03m15.0s), 26/60 VUs, 1740 complete and 0 interrupted iterations
diurnal   [   0% ] 26/60 VUs  00h03m15.0s/14h00m00.0s

running (00h03m16.0s), 27/60 VUs, 1766 complete and 0 interrupted iterations
diurnal   [   0% ] 27/60 VUs  00h03m16.0s/14h00m00.0s

running (00h03m17.0s), 27/60 VUs, 1792 complete and 0 interrupted iterations
diurnal   [   0% ] 27/60 VUs  00h03m17.0s/14h00m00.0s

running (00h03m18.0s), 27/60 VUs, 1819 complete and 0 interrupted iterations
diurnal   [   0% ] 27/60 VUs  00h03m18.0s/14h00m00.0s

running (00h03m19.0s), 28/60 VUs, 1846 complete and 0 interrupted iterations
diurnal   [   0% ] 28/60 VUs  00h03m19.0s/14h00m00.0s

running (00h03m20.0s), 28/60 VUs, 1874 complete and 0 interrupted iterations
diurnal   [   0% ] 28/60 VUs  00h03m20.0s/14h00m00.0s

running (00h03m21.0s), 28/60 VUs, 1902 complete and 0 interrupted iterations
diurnal   [   0% ] 28/60 VUs  00h03m21.0s/14h00m00.0s

running (00h03m22.0s), 28/60 VUs, 1930 complete and 0 interrupted iterations
diurnal   [   0% ] 28/60 VUs  00h03m22.0s/14h00m00.0s

running (00h03m23.0s), 29/60 VUs, 1958 complete and 0 interrupted iterations
diurnal   [   0% ] 29/60 VUs  00h03m23.0s/14h00m00.0s

running (00h03m24.0s), 29/60 VUs, 1987 complete and 0 interrupted iterations
diurnal   [   0% ] 29/60 VUs  00h03m24.0s/14h00m00.0s

running (00h03m25.0s), 29/60 VUs, 2016 complete and 0 interrupted iterations
diurnal   [   0% ] 29/60 VUs  00h03m25.0s/14h00m00.0s

running (00h03m26.0s), 30/60 VUs, 2045 complete and 0 interrupted iterations
diurnal   [   0% ] 30/60 VUs  00h03m26.0s/14h00m00.0s

running (00h03m27.0s), 30/60 VUs, 2075 complete and 0 interrupted iterations
diurnal   [   0% ] 30/60 VUs  00h03m27.0s/14h00m00.0s

running (00h03m28.0s), 30/60 VUs, 2105 complete and 0 interrupted iterations
diurnal   [   0% ] 30/60 VUs  00h03m28.0s/14h00m00.0s

running (00h03m29.0s), 30/60 VUs, 2135 complete and 0 interrupted iterations
diurnal   [   0% ] 30/60 VUs  00h03m29.0s/14h00m00.0s

running (00h03m30.0s), 31/60 VUs, 2165 complete and 0 interrupted iterations
diurnal   [   0% ] 31/60 VUs  00h03m30.0s/14h00m00.0s

running (00h03m31.0s), 31/60 VUs, 2196 complete and 0 interrupted iterations
diurnal   [   0% ] 31/60 VUs  00h03m31.0s/14h00m00.0s

running (00h03m32.0s), 31/60 VUs, 2227 complete and 0 interrupted iterations
diurnal   [   0% ] 31/60 VUs  00h03m32.0s/14h00m00.0s

running (00h03m33.0s), 32/60 VUs, 2258 complete and 0 interrupted iterations
diurnal   [   0% ] 32/60 VUs  00h03m33.0s/14h00m00.0s

running (00h03m34.0s), 32/60 VUs, 2290 complete and 0 interrupted iterations
diurnal   [   0% ] 32/60 VUs  00h03m34.0s/14h00m00.0s

running (00h03m35.0s), 32/60 VUs, 2322 complete and 0 interrupted iterations
diurnal   [   0% ] 32/60 VUs  00h03m35.0s/14h00m00.0s

running (00h03m36.0s), 32/60 VUs, 2354 complete and 0 interrupted iterations
diurnal   [   0% ] 32/60 VUs  00h03m36.0s/14h00m00.0s

running (00h03m37.0s), 33/60 VUs, 2386 complete and 0 interrupted iterations
diurnal   [   0% ] 33/60 VUs  00h03m37.0s/14h00m00.0s

running (00h03m38.0s), 33/60 VUs, 2419 complete and 0 interrupted iterations
diurnal   [   0% ] 33/60 VUs  00h03m38.0s/14h00m00.0s

running (00h03m39.0s), 33/60 VUs, 2452 complete and 0 interrupted iterations
diurnal   [   0% ] 33/60 VUs  00h03m39.0s/14h00m00.0s

running (00h03m40.0s), 34/60 VUs, 2485 complete and 0 interrupted iterations
diurnal   [   0% ] 34/60 VUs  00h03m40.0s/14h00m00.0s

running (00h03m41.0s), 34/60 VUs, 2519 complete and 0 interrupted iterations
diurnal   [   0% ] 34/60 VUs  00h03m41.0s/14h00m00.0s

running (00h03m42.0s), 34/60 VUs, 2553 complete and 0 interrupted iterations
diurnal   [   0% ] 34/60 VUs  00h03m42.0s/14h00m00.0s

running (00h03m43.0s), 35/60 VUs, 2587 complete and 0 interrupted iterations
diurnal   [   0% ] 35/60 VUs  00h03m43.0s/14h00m00.0s

running (00h03m44.0s), 35/60 VUs, 2622 complete and 0 interrupted iterations
diurnal   [   0% ] 35/60 VUs  00h03m44.0s/14h00m00.0s

running (00h03m45.0s), 35/60 VUs, 2657 complete and 0 interrupted iterations
diurnal   [   0% ] 35/60 VUs  00h03m45.0s/14h00m00.0s

running (00h03m46.0s), 35/60 VUs, 2692 complete and 0 interrupted iterations
diurnal   [   0% ] 35/60 VUs  00h03m46.0s/14h00m00.0s

running (00h03m47.0s), 36/60 VUs, 2727 complete and 0 interrupted iterations
diurnal   [   0% ] 36/60 VUs  00h03m47.0s/14h00m00.0s

running (00h03m48.0s), 36/60 VUs, 2763 complete and 0 interrupted iterations
diurnal   [   0% ] 36/60 VUs  00h03m48.0s/14h00m00.0s

running (00h03m49.0s), 36/60 VUs, 2799 complete and 0 interrupted iterations
diurnal   [   0% ] 36/60 VUs  00h03m49.0s/14h00m00.0s

running (00h03m50.0s), 37/60 VUs, 2835 complete and 0 interrupted iterations
diurnal   [   0% ] 37/60 VUs  00h03m50.0s/14h00m00.0s

running (00h03m51.0s), 37/60 VUs, 2872 complete and 0 interrupted iterations
diurnal   [   0% ] 37/60 VUs  00h03m51.0s/14h00m00.0s

running (00h03m52.0s), 37/60 VUs, 2909 complete and 0 interrupted iterations
diurnal   [   0% ] 37/60 VUs  00h03m52.0s/14h00m00.0s

running (00h03m53.0s), 37/60 VUs, 2946 complete and 0 interrupted iterations
diurnal   [   0% ] 37/60 VUs  00h03m53.0s/14h00m00.0s

running (00h03m54.0s), 38/60 VUs, 2982 complete and 0 interrupted iterations
diurnal   [   0% ] 38/60 VUs  00h03m54.0s/14h00m00.0s

running (00h03m55.0s), 38/60 VUs, 3020 complete and 0 interrupted iterations
diurnal   [   0% ] 38/60 VUs  00h03m55.0s/14h00m00.0s

running (00h03m56.0s), 38/60 VUs, 3058 complete and 0 interrupted iterations
diurnal   [   0% ] 38/60 VUs  00h03m56.0s/14h00m00.0s

running (00h03m57.0s), 39/60 VUs, 3096 complete and 0 interrupted iterations
diurnal   [   0% ] 39/60 VUs  00h03m57.0s/14h00m00.0s

running (00h03m58.0s), 39/60 VUs, 3135 complete and 0 interrupted iterations
diurnal   [   0% ] 39/60 VUs  00h03m58.0s/14h00m00.0s

running (00h03m59.0s), 39/60 VUs, 3174 complete and 0 interrupted iterations
diurnal   [   0% ] 39/60 VUs  00h03m59.0s/14h00m00.0s

running (00h04m00.0s), 39/60 VUs, 3213 complete and 0 interrupted iterations
diurnal   [   0% ] 39/60 VUs  00h04m00.0s/14h00m00.0s

running (00h04m01.0s), 40/60 VUs, 3252 complete and 0 interrupted iterations
diurnal   [   0% ] 40/60 VUs  00h04m01.0s/14h00m00.0s

running (00h04m02.0s), 40/60 VUs, 3292 complete and 0 interrupted iterations
diurnal   [   0% ] 40/60 VUs  00h04m02.0s/14h00m00.0s

running (00h04m03.0s), 40/60 VUs, 3332 complete and 0 interrupted iterations
diurnal   [   0% ] 40/60 VUs  00h04m03.0s/14h00m00.0s

running (00h04m04.0s), 40/60 VUs, 3371 complete and 0 interrupted iterations
diurnal   [   0% ] 40/60 VUs  00h04m04.0s/14h00m00.0s

running (00h04m05.0s), 40/60 VUs, 3411 complete and 0 interrupted iterations
diurnal   [   0% ] 40/60 VUs  00h04m05.0s/14h00m00.0s

running (00h04m06.0s), 40/60 VUs, 3451 complete and 0 interrupted iterations
diurnal   [   0% ] 40/60 VUs  00h04m06.0s/14h00m00.0s

running (00h04m07.0s), 40/60 VUs, 3491 complete and 0 interrupted iterations
diurnal   [   0% ] 40/60 VUs  00h04m07.0s/14h00m00.0s

running (00h04m08.0s), 40/60 VUs, 3531 complete and 0 interrupted iterations
diurnal   [   0% ] 40/60 VUs  00h04m08.0s/14h00m00.0s

running (00h04m09.0s), 39/60 VUs, 3571 complete and 0 interrupted iterations
diurnal   [   0% ] 39/60 VUs  00h04m09.0s/14h00m00.0s

running (00h04m10.0s), 39/60 VUs, 3610 complete and 0 interrupted iterations
diurnal   [   0% ] 39/60 VUs  00h04m10.0s/14h00m00.0s

running (00h04m11.0s), 39/60 VUs, 3649 complete and 0 interrupted iterations
diurnal   [   0% ] 39/60 VUs  00h04m11.0s/14h00m00.0s

running (00h04m12.0s), 39/60 VUs, 3688 complete and 0 interrupted iterations
diurnal   [   0% ] 39/60 VUs  00h04m12.0s/14h00m00.0s

running (00h04m13.0s), 39/60 VUs, 3727 complete and 0 interrupted iterations
diurnal   [   1% ] 39/60 VUs  00h04m13.0s/14h00m00.0s

running (00h04m14.0s), 39/60 VUs, 3766 complete and 0 interrupted iterations
diurnal   [   1% ] 39/60 VUs  00h04m14.0s/14h00m00.0s

running (00h04m15.0s), 39/60 VUs, 3805 complete and 0 interrupted iterations
diurnal   [   1% ] 39/60 VUs  00h04m15.0s/14h00m00.0s

running (00h04m16.0s), 39/60 VUs, 3844 complete and 0 interrupted iterations
diurnal   [   1% ] 39/60 VUs  00h04m16.0s/14h00m00.0s

running (00h04m17.0s), 38/60 VUs, 3883 complete and 0 interrupted iterations
diurnal   [   1% ] 38/60 VUs  00h04m17.0s/14h00m00.0s

running (00h04m18.0s), 38/60 VUs, 3921 complete and 0 interrupted iterations
diurnal   [   1% ] 38/60 VUs  00h04m18.0s/14h00m00.0s

running (00h04m19.0s), 38/60 VUs, 3958 complete and 0 interrupted iterations
diurnal   [   1% ] 38/60 VUs  00h04m19.0s/14h00m00.0s

running (00h04m20.0s), 38/60 VUs, 3996 complete and 0 interrupted iterations
diurnal   [   1% ] 38/60 VUs  00h04m20.0s/14h00m00.0s

running (00h04m21.0s), 38/60 VUs, 4034 complete and 0 interrupted iterations
diurnal   [   1% ] 38/60 VUs  00h04m21.0s/14h00m00.0s

running (00h04m22.0s), 38/60 VUs, 4072 complete and 0 interrupted iterations
diurnal   [   1% ] 38/60 VUs  00h04m22.0s/14h00m00.0s

running (00h04m23.0s), 38/60 VUs, 4110 complete and 0 interrupted iterations
diurnal   [   1% ] 38/60 VUs  00h04m23.0s/14h00m00.0s

running (00h04m24.0s), 38/60 VUs, 4148 complete and 0 interrupted iterations
diurnal   [   1% ] 38/60 VUs  00h04m24.0s/14h00m00.0s

running (00h04m25.0s), 37/60 VUs, 4186 complete and 0 interrupted iterations
diurnal   [   1% ] 37/60 VUs  00h04m25.0s/14h00m00.0s

running (00h04m26.0s), 37/60 VUs, 4223 complete and 0 interrupted iterations
diurnal   [   1% ] 37/60 VUs  00h04m26.0s/14h00m00.0s

running (00h04m27.0s), 37/60 VUs, 4260 complete and 0 interrupted iterations
diurnal   [   1% ] 37/60 VUs  00h04m27.0s/14h00m00.0s

running (00h04m28.0s), 37/60 VUs, 4297 complete and 0 interrupted iterations
diurnal   [   1% ] 37/60 VUs  00h04m28.0s/14h00m00.0s

running (00h04m29.0s), 37/60 VUs, 4334 complete and 0 interrupted iterations
diurnal   [   1% ] 37/60 VUs  00h04m29.0s/14h00m00.0s

running (00h04m30.0s), 37/60 VUs, 4371 complete and 0 interrupted iterations
diurnal   [   1% ] 37/60 VUs  00h04m30.0s/14h00m00.0s

running (00h04m31.0s), 37/60 VUs, 4408 complete and 0 interrupted iterations
diurnal   [   1% ] 37/60 VUs  00h04m31.0s/14h00m00.0s

running (00h04m32.0s), 37/60 VUs, 4445 complete and 0 interrupted iterations
diurnal   [   1% ] 37/60 VUs  00h04m32.0s/14h00m00.0s

running (00h04m33.0s), 36/60 VUs, 4482 complete and 0 interrupted iterations
diurnal   [   1% ] 36/60 VUs  00h04m33.0s/14h00m00.0s

running (00h04m34.0s), 36/60 VUs, 4518 complete and 0 interrupted iterations
diurnal   [   1% ] 36/60 VUs  00h04m34.0s/14h00m00.0s

running (00h04m35.0s), 36/60 VUs, 4554 complete and 0 interrupted iterations
diurnal   [   1% ] 36/60 VUs  00h04m35.0s/14h00m00.0s

running (00h04m36.0s), 36/60 VUs, 4590 complete and 0 interrupted iterations
diurnal   [   1% ] 36/60 VUs  00h04m36.0s/14h00m00.0s

running (00h04m37.0s), 36/60 VUs, 4626 complete and 0 interrupted iterations
diurnal   [   1% ] 36/60 VUs  00h04m37.0s/14h00m00.0s

running (00h04m38.0s), 36/60 VUs, 4661 complete and 0 interrupted iterations
diurnal   [   1% ] 36/60 VUs  00h04m38.0s/14h00m00.0s

running (00h04m39.0s), 36/60 VUs, 4697 complete and 0 interrupted iterations
diurnal   [   1% ] 36/60 VUs  00h04m39.0s/14h00m00.0s

running (00h04m40.0s), 36/60 VUs, 4733 complete and 0 interrupted iterations
diurnal   [   1% ] 36/60 VUs  00h04m40.0s/14h00m00.0s

running (00h04m41.0s), 35/60 VUs, 4769 complete and 0 interrupted iterations
diurnal   [   1% ] 35/60 VUs  00h04m41.0s/14h00m00.0s

running (00h04m42.0s), 35/60 VUs, 4804 complete and 0 interrupted iterations
diurnal   [   1% ] 35/60 VUs  00h04m42.0s/14h00m00.0s

running (00h04m43.0s), 35/60 VUs, 4839 complete and 0 interrupted iterations
diurnal   [   1% ] 35/60 VUs  00h04m43.0s/14h00m00.0s

running (00h04m44.0s), 35/60 VUs, 4874 complete and 0 interrupted iterations
diurnal   [   1% ] 35/60 VUs  00h04m44.0s/14h00m00.0s

running (00h04m45.0s), 35/60 VUs, 4908 complete and 0 interrupted iterations
diurnal   [   1% ] 35/60 VUs  00h04m45.0s/14h00m00.0s

running (00h04m46.0s), 35/60 VUs, 4943 complete and 0 interrupted iterations
diurnal   [   1% ] 35/60 VUs  00h04m46.0s/14h00m00.0s

running (00h04m47.0s), 35/60 VUs, 4978 complete and 0 interrupted iterations
diurnal   [   1% ] 35/60 VUs  00h04m47.0s/14h00m00.0s

running (00h04m48.0s), 35/60 VUs, 5013 complete and 0 interrupted iterations
diurnal   [   1% ] 35/60 VUs  00h04m48.0s/14h00m00.0s

running (00h04m49.0s), 35/60 VUs, 5048 complete and 0 interrupted iterations
diurnal   [   1% ] 35/60 VUs  00h04m49.0s/14h00m00.0s

running (00h04m50.0s), 34/60 VUs, 5083 complete and 0 interrupted iterations
diurnal   [   1% ] 34/60 VUs  00h04m50.0s/14h00m00.0s

running (00h04m51.0s), 34/60 VUs, 5117 complete and 0 interrupted iterations
diurnal   [   1% ] 34/60 VUs  00h04m51.0s/14h00m00.0s

running (00h04m52.0s), 34/60 VUs, 5151 complete and 0 interrupted iterations
diurnal   [   1% ] 34/60 VUs  00h04m52.0s/14h00m00.0s

running (00h04m53.0s), 34/60 VUs, 5185 complete and 0 interrupted iterations
diurnal   [   1% ] 34/60 VUs  00h04m53.0s/14h00m00.0s

running (00h04m54.0s), 34/60 VUs, 5219 complete and 0 interrupted iterations
diurnal   [   1% ] 34/60 VUs  00h04m54.0s/14h00m00.0s

running (00h04m55.0s), 34/60 VUs, 5253 complete and 0 interrupted iterations
diurnal   [   1% ] 34/60 VUs  00h04m55.0s/14h00m00.0s

running (00h04m56.0s), 34/60 VUs, 5287 complete and 0 interrupted iterations
diurnal   [   1% ] 34/60 VUs  00h04m56.0s/14h00m00.0s

running (00h04m57.0s), 33/60 VUs, 5321 complete and 0 interrupted iterations
diurnal   [   1% ] 33/60 VUs  00h04m57.0s/14h00m00.0s

running (00h04m58.0s), 33/60 VUs, 5354 complete and 0 interrupted iterations
diurnal   [   1% ] 33/60 VUs  00h04m58.0s/14h00m00.0s

running (00h04m59.0s), 33/60 VUs, 5387 complete and 0 interrupted iterations
diurnal   [   1% ] 33/60 VUs  00h04m59.0s/14h00m00.0s

running (00h05m00.0s), 33/60 VUs, 5420 complete and 0 interrupted iterations
diurnal   [   1% ] 33/60 VUs  00h05m00.0s/14h00m00.0s

running (00h05m01.0s), 33/60 VUs, 5453 complete and 0 interrupted iterations
diurnal   [   1% ] 33/60 VUs  00h05m01.0s/14h00m00.0s

running (00h05m02.0s), 33/60 VUs, 5486 complete and 0 interrupted iterations
diurnal   [   1% ] 33/60 VUs  00h05m02.0s/14h00m00.0s

running (00h05m03.0s), 33/60 VUs, 5519 complete and 0 interrupted iterations
diurnal   [   1% ] 33/60 VUs  00h05m03.0s/14h00m00.0s

running (00h05m04.0s), 33/60 VUs, 5552 complete and 0 interrupted iterations
diurnal   [   1% ] 33/60 VUs  00h05m04.0s/14h00m00.0s

running (00h05m05.0s), 32/60 VUs, 5585 complete and 0 interrupted iterations
diurnal   [   1% ] 32/60 VUs  00h05m05.0s/14h00m00.0s

running (00h05m06.0s), 32/60 VUs, 5617 complete and 0 interrupted iterations
diurnal   [   1% ] 32/60 VUs  00h05m06.0s/14h00m00.0s

running (00h05m07.0s), 32/60 VUs, 5648 complete and 0 interrupted iterations
diurnal   [   1% ] 32/60 VUs  00h05m07.0s/14h00m00.0s

running (00h05m08.0s), 32/60 VUs, 5680 complete and 0 interrupted iterations
diurnal   [   1% ] 32/60 VUs  00h05m08.0s/14h00m00.0s

running (00h05m09.0s), 32/60 VUs, 5712 complete and 0 interrupted iterations
diurnal   [   1% ] 32/60 VUs  00h05m09.0s/14h00m00.0s

running (00h05m10.0s), 32/60 VUs, 5744 complete and 0 interrupted iterations
diurnal   [   1% ] 32/60 VUs  00h05m10.0s/14h00m00.0s

running (00h05m11.0s), 32/60 VUs, 5776 complete and 0 interrupted iterations
diurnal   [   1% ] 32/60 VUs  00h05m11.0s/14h00m00.0s

running (00h05m12.0s), 32/60 VUs, 5807 complete and 0 interrupted iterations
diurnal   [   1% ] 32/60 VUs  00h05m12.0s/14h00m00.0s

running (00h05m13.0s), 31/60 VUs, 5839 complete and 0 interrupted iterations
diurnal   [   1% ] 31/60 VUs  00h05m13.0s/14h00m00.0s

running (00h05m14.0s), 31/60 VUs, 5870 complete and 0 interrupted iterations
diurnal   [   1% ] 31/60 VUs  00h05m14.0s/14h00m00.0s

running (00h05m15.0s), 31/60 VUs, 5901 complete and 0 interrupted iterations
diurnal   [   1% ] 31/60 VUs  00h05m15.0s/14h00m00.0s

running (00h05m16.0s), 31/60 VUs, 5932 complete and 0 interrupted iterations
diurnal   [   1% ] 31/60 VUs  00h05m16.0s/14h00m00.0s

running (00h05m17.0s), 31/60 VUs, 5963 complete and 0 interrupted iterations
diurnal   [   1% ] 31/60 VUs  00h05m17.0s/14h00m00.0s

running (00h05m18.0s), 31/60 VUs, 5994 complete and 0 interrupted iterations
diurnal   [   1% ] 31/60 VUs  00h05m18.0s/14h00m00.0s

running (00h05m19.0s), 31/60 VUs, 6025 complete and 0 interrupted iterations
diurnal   [   1% ] 31/60 VUs  00h05m19.0s/14h00m00.0s

running (00h05m20.0s), 31/60 VUs, 6056 complete and 0 interrupted iterations
diurnal   [   1% ] 31/60 VUs  00h05m20.0s/14h00m00.0s

running (00h05m21.0s), 30/60 VUs, 6087 complete and 0 interrupted iterations
diurnal   [   1% ] 30/60 VUs  00h05m21.0s/14h00m00.0s

running (00h05m22.0s), 30/60 VUs, 6117 complete and 0 interrupted iterations
diurnal   [   1% ] 30/60 VUs  00h05m22.0s/14h00m00.0s

running (00h05m23.0s), 30/60 VUs, 6146 complete and 0 interrupted iterations
diurnal   [   1% ] 30/60 VUs  00h05m23.0s/14h00m00.0s

running (00h05m24.0s), 30/60 VUs, 6176 complete and 0 interrupted iterations
diurnal   [   1% ] 30/60 VUs  00h05m24.0s/14h00m00.0s

running (00h05m25.0s), 30/60 VUs, 6206 complete and 0 interrupted iterations
diurnal   [   1% ] 30/60 VUs  00h05m25.0s/14h00m00.0s

running (00h05m26.0s), 30/60 VUs, 6236 complete and 0 interrupted iterations
diurnal   [   1% ] 30/60 VUs  00h05m26.0s/14h00m00.0s

running (00h05m27.0s), 30/60 VUs, 6266 complete and 0 interrupted iterations
diurnal   [   1% ] 30/60 VUs  00h05m27.0s/14h00m00.0s

running (00h05m28.0s), 30/60 VUs, 6296 complete and 0 interrupted iterations
diurnal   [   1% ] 30/60 VUs  00h05m28.0s/14h00m00.0s

running (00h05m29.0s), 29/60 VUs, 6326 complete and 0 interrupted iterations
diurnal   [   1% ] 29/60 VUs  00h05m29.0s/14h00m00.0s

running (00h05m30.0s), 29/60 VUs, 6355 complete and 0 interrupted iterations
diurnal   [   1% ] 29/60 VUs  00h05m30.0s/14h00m00.0s

running (00h05m31.0s), 29/60 VUs, 6384 complete and 0 interrupted iterations
diurnal   [   1% ] 29/60 VUs  00h05m31.0s/14h00m00.0s

running (00h05m32.0s), 29/60 VUs, 6413 complete and 0 interrupted iterations
diurnal   [   1% ] 29/60 VUs  00h05m32.0s/14h00m00.0s

running (00h05m33.0s), 29/60 VUs, 6442 complete and 0 interrupted iterations
diurnal   [   1% ] 29/60 VUs  00h05m33.0s/14h00m00.0s

running (00h05m34.0s), 29/60 VUs, 6471 complete and 0 interrupted iterations
diurnal   [   1% ] 29/60 VUs  00h05m34.0s/14h00m00.0s

running (00h05m35.0s), 29/60 VUs, 6500 complete and 0 interrupted iterations
diurnal   [   1% ] 29/60 VUs  00h05m35.0s/14h00m00.0s

running (00h05m36.0s), 29/60 VUs, 6529 complete and 0 interrupted iterations
diurnal   [   1% ] 29/60 VUs  00h05m36.0s/14h00m00.0s

running (00h05m37.0s), 28/60 VUs, 6558 complete and 0 interrupted iterations
diurnal   [   1% ] 28/60 VUs  00h05m37.0s/14h00m00.0s

running (00h05m38.0s), 28/60 VUs, 6586 complete and 0 interrupted iterations
diurnal   [   1% ] 28/60 VUs  00h05m38.0s/14h00m00.0s

running (00h05m39.0s), 28/60 VUs, 6614 complete and 0 interrupted iterations
diurnal   [   1% ] 28/60 VUs  00h05m39.0s/14h00m00.0s

running (00h05m40.0s), 28/60 VUs, 6642 complete and 0 interrupted iterations
diurnal   [   1% ] 28/60 VUs  00h05m40.0s/14h00m00.0s

running (00h05m41.0s), 28/60 VUs, 6670 complete and 0 interrupted iterations
diurnal   [   1% ] 28/60 VUs  00h05m41.0s/14h00m00.0s

running (00h05m42.0s), 28/60 VUs, 6698 complete and 0 interrupted iterations
diurnal   [   1% ] 28/60 VUs  00h05m42.0s/14h00m00.0s

running (00h05m43.0s), 28/60 VUs, 6726 complete and 0 interrupted iterations
diurnal   [   1% ] 28/60 VUs  00h05m43.0s/14h00m00.0s

running (00h05m44.0s), 28/60 VUs, 6754 complete and 0 interrupted iterations
diurnal   [   1% ] 28/60 VUs  00h05m44.0s/14h00m00.0s

running (00h05m45.0s), 27/60 VUs, 6782 complete and 0 interrupted iterations
diurnal   [   1% ] 27/60 VUs  00h05m45.0s/14h00m00.0s

running (00h05m46.0s), 27/60 VUs, 6809 complete and 0 interrupted iterations
diurnal   [   1% ] 27/60 VUs  00h05m46.0s/14h00m00.0s

running (00h05m47.0s), 27/60 VUs, 6836 complete and 0 interrupted iterations
diurnal   [   1% ] 27/60 VUs  00h05m47.0s/14h00m00.0s

running (00h05m48.0s), 27/60 VUs, 6863 complete and 0 interrupted iterations
diurnal   [   1% ] 27/60 VUs  00h05m48.0s/14h00m00.0s

running (00h05m49.0s), 27/60 VUs, 6890 complete and 0 interrupted iterations
diurnal   [   1% ] 27/60 VUs  00h05m49.0s/14h00m00.0s

running (00h05m50.0s), 27/60 VUs, 6917 complete and 0 interrupted iterations
diurnal   [   1% ] 27/60 VUs  00h05m50.0s/14h00m00.0s

running (00h05m51.0s), 27/60 VUs, 6944 complete and 0 interrupted iterations
diurnal   [   1% ] 27/60 VUs  00h05m51.0s/14h00m00.0s

running (00h05m52.0s), 27/60 VUs, 6971 complete and 0 interrupted iterations
diurnal   [   1% ] 27/60 VUs  00h05m52.0s/14h00m00.0s

running (00h05m53.0s), 26/60 VUs, 6997 complete and 0 interrupted iterations
diurnal   [   1% ] 26/60 VUs  00h05m53.0s/14h00m00.0s

running (00h05m54.0s), 26/60 VUs, 7023 complete and 0 interrupted iterations
diurnal   [   1% ] 26/60 VUs  00h05m54.0s/14h00m00.0s

running (00h05m55.0s), 26/60 VUs, 7049 complete and 0 interrupted iterations
diurnal   [   1% ] 26/60 VUs  00h05m55.0s/14h00m00.0s

running (00h05m56.0s), 26/60 VUs, 7075 complete and 0 interrupted iterations
diurnal   [   1% ] 26/60 VUs  00h05m56.0s/14h00m00.0s

running (00h05m57.0s), 26/60 VUs, 7101 complete and 0 interrupted iterations
diurnal   [   1% ] 26/60 VUs  00h05m57.0s/14h00m00.0s

running (00h05m58.0s), 26/60 VUs, 7127 complete and 0 interrupted iterations
diurnal   [   1% ] 26/60 VUs  00h05m58.0s/14h00m00.0s

running (00h05m59.0s), 26/60 VUs, 7153 complete and 0 interrupted iterations
diurnal   [   1% ] 26/60 VUs  00h05m59.0s/14h00m00.0s

running (00h06m00.0s), 26/60 VUs, 7172 complete and 0 interrupted iterations
diurnal   [   1% ] 26/60 VUs  00h06m00.0s/14h00m00.0s

running (00h06m01.0s), 25/60 VUs, 7197 complete and 0 interrupted iterations
diurnal   [   1% ] 25/60 VUs  00h06m01.0s/14h00m00.0s

running (00h06m02.0s), 25/60 VUs, 7222 complete and 0 interrupted iterations
diurnal   [   1% ] 25/60 VUs  00h06m02.0s/14h00m00.0s

running (00h06m03.0s), 25/60 VUs, 7247 complete and 0 interrupted iterations
diurnal   [   1% ] 25/60 VUs  00h06m03.0s/14h00m00.0s

running (00h06m04.0s), 26/60 VUs, 7272 complete and 0 interrupted iterations
diurnal   [   1% ] 26/60 VUs  00h06m04.0s/14h00m00.0s

running (00h06m05.0s), 26/60 VUs, 7298 complete and 0 interrupted iterations
diurnal   [   1% ] 26/60 VUs  00h06m05.0s/14h00m00.0s

running (00h06m06.0s), 26/60 VUs, 7324 complete and 0 interrupted iterations
diurnal   [   1% ] 26/60 VUs  00h06m06.0s/14h00m00.0s

running (00h06m07.0s), 27/60 VUs, 7350 complete and 0 interrupted iterations
diurnal   [   1% ] 27/60 VUs  00h06m07.0s/14h00m00.0s

running (00h06m08.0s), 27/60 VUs, 7377 complete and 0 interrupted iterations
diurnal   [   1% ] 27/60 VUs  00h06m08.0s/14h00m00.0s

running (00h06m09.0s), 27/60 VUs, 7404 complete and 0 interrupted iterations
diurnal   [   1% ] 27/60 VUs  00h06m09.0s/14h00m00.0s

running (00h06m10.0s), 27/60 VUs, 7431 complete and 0 interrupted iterations
diurnal   [   1% ] 27/60 VUs  00h06m10.0s/14h00m00.0s

running (00h06m11.0s), 28/60 VUs, 7458 complete and 0 interrupted iterations
diurnal   [   1% ] 28/60 VUs  00h06m11.0s/14h00m00.0s

running (00h06m12.0s), 28/60 VUs, 7486 complete and 0 interrupted iterations
diurnal   [   1% ] 28/60 VUs  00h06m12.0s/14h00m00.0s

running (00h06m13.0s), 28/60 VUs, 7514 complete and 0 interrupted iterations
diurnal   [   1% ] 28/60 VUs  00h06m13.0s/14h00m00.0s

running (00h06m14.0s), 29/60 VUs, 7542 complete and 0 interrupted iterations
diurnal   [   1% ] 29/60 VUs  00h06m14.0s/14h00m00.0s

running (00h06m15.0s), 29/60 VUs, 7571 complete and 0 interrupted iterations
diurnal   [   1% ] 29/60 VUs  00h06m15.0s/14h00m00.0s

running (00h06m16.0s), 29/60 VUs, 7600 complete and 0 interrupted iterations
diurnal   [   1% ] 29/60 VUs  00h06m16.0s/14h00m00.0s

running (00h06m17.0s), 29/60 VUs, 7629 complete and 0 interrupted iterations
diurnal   [   1% ] 29/60 VUs  00h06m17.0s/14h00m00.0s

running (00h06m18.0s), 30/60 VUs, 7658 complete and 0 interrupted iterations
diurnal   [   1% ] 30/60 VUs  00h06m18.0s/14h00m00.0s

running (00h06m19.0s), 30/60 VUs, 7688 complete and 0 interrupted iterations
diurnal   [   1% ] 30/60 VUs  00h06m19.0s/14h00m00.0s

running (00h06m20.0s), 30/60 VUs, 7718 complete and 0 interrupted iterations
diurnal   [   1% ] 30/60 VUs  00h06m20.0s/14h00m00.0s

running (00h06m21.0s), 31/60 VUs, 7748 complete and 0 interrupted iterations
diurnal   [   1% ] 31/60 VUs  00h06m21.0s/14h00m00.0s

running (00h06m22.0s), 31/60 VUs, 7779 complete and 0 interrupted iterations
diurnal   [   1% ] 31/60 VUs  00h06m22.0s/14h00m00.0s

running (00h06m23.0s), 31/60 VUs, 7810 complete and 0 interrupted iterations
diurnal   [   1% ] 31/60 VUs  00h06m23.0s/14h00m00.0s

running (00h06m24.0s), 31/60 VUs, 7841 complete and 0 interrupted iterations
diurnal   [   1% ] 31/60 VUs  00h06m24.0s/14h00m00.0s

running (00h06m25.0s), 32/60 VUs, 7872 complete and 0 interrupted iterations
diurnal   [   1% ] 32/60 VUs  00h06m25.0s/14h00m00.0s

running (00h06m26.0s), 32/60 VUs, 7904 complete and 0 interrupted iterations
diurnal   [   1% ] 32/60 VUs  00h06m26.0s/14h00m00.0s

running (00h06m27.0s), 32/60 VUs, 7936 complete and 0 interrupted iterations
diurnal   [   1% ] 32/60 VUs  00h06m27.0s/14h00m00.0s

running (00h06m28.0s), 33/60 VUs, 7968 complete and 0 interrupted iterations
diurnal   [   1% ] 33/60 VUs  00h06m28.0s/14h00m00.0s

running (00h06m29.0s), 33/60 VUs, 8000 complete and 0 interrupted iterations
diurnal   [   1% ] 33/60 VUs  00h06m29.0s/14h00m00.0s

running (00h06m30.0s), 33/60 VUs, 8033 complete and 0 interrupted iterations
diurnal   [   1% ] 33/60 VUs  00h06m30.0s/14h00m00.0s

running (00h06m31.0s), 34/60 VUs, 8066 complete and 0 interrupted iterations
diurnal   [   1% ] 34/60 VUs  00h06m31.0s/14h00m00.0s

running (00h06m32.0s), 34/60 VUs, 8100 complete and 0 interrupted iterations
diurnal   [   1% ] 34/60 VUs  00h06m32.0s/14h00m00.0s

running (00h06m33.0s), 34/60 VUs, 8134 complete and 0 interrupted iterations
diurnal   [   1% ] 34/60 VUs  00h06m33.0s/14h00m00.0s

running (00h06m34.0s), 34/60 VUs, 8168 complete and 0 interrupted iterations
diurnal   [   1% ] 34/60 VUs  00h06m34.0s/14h00m00.0s

running (00h06m35.0s), 35/60 VUs, 8202 complete and 0 interrupted iterations
diurnal   [   1% ] 35/60 VUs  00h06m35.0s/14h00m00.0s

running (00h06m36.0s), 35/60 VUs, 8237 complete and 0 interrupted iterations
diurnal   [   1% ] 35/60 VUs  00h06m36.0s/14h00m00.0s

running (00h06m37.0s), 35/60 VUs, 8272 complete and 0 interrupted iterations
diurnal   [   1% ] 35/60 VUs  00h06m37.0s/14h00m00.0s

running (00h06m38.0s), 36/60 VUs, 8307 complete and 0 interrupted iterations
diurnal   [   1% ] 36/60 VUs  00h06m38.0s/14h00m00.0s

running (00h06m39.0s), 36/60 VUs, 8343 complete and 0 interrupted iterations
diurnal   [   1% ] 36/60 VUs  00h06m39.0s/14h00m00.0s

running (00h06m40.0s), 36/60 VUs, 8379 complete and 0 interrupted iterations
diurnal   [   1% ] 36/60 VUs  00h06m40.0s/14h00m00.0s

running (00h06m41.0s), 36/60 VUs, 8415 complete and 0 interrupted iterations
diurnal   [   1% ] 36/60 VUs  00h06m41.0s/14h00m00.0s

running (00h06m42.0s), 37/60 VUs, 8451 complete and 0 interrupted iterations
diurnal   [   1% ] 37/60 VUs  00h06m42.0s/14h00m00.0s

running (00h06m43.0s), 37/60 VUs, 8488 complete and 0 interrupted iterations
diurnal   [   1% ] 37/60 VUs  00h06m43.0s/14h00m00.0s

running (00h06m44.0s), 37/60 VUs, 8525 complete and 0 interrupted iterations
diurnal   [   1% ] 37/60 VUs  00h06m44.0s/14h00m00.0s

running (00h06m45.0s), 38/60 VUs, 8562 complete and 0 interrupted iterations
diurnal   [   1% ] 38/60 VUs  00h06m45.0s/14h00m00.0s

running (00h06m46.0s), 38/60 VUs, 8600 complete and 0 interrupted iterations
diurnal   [   1% ] 38/60 VUs  00h06m46.0s/14h00m00.0s

running (00h06m47.0s), 38/60 VUs, 8638 complete and 0 interrupted iterations
diurnal   [   1% ] 38/60 VUs  00h06m47.0s/14h00m00.0s

running (00h06m48.0s), 38/60 VUs, 8676 complete and 0 interrupted iterations
diurnal   [   1% ] 38/60 VUs  00h06m48.0s/14h00m00.0s

running (00h06m49.0s), 39/60 VUs, 8714 complete and 0 interrupted iterations
diurnal   [   1% ] 39/60 VUs  00h06m49.0s/14h00m00.0s

running (00h06m50.0s), 39/60 VUs, 8753 complete and 0 interrupted iterations
diurnal   [   1% ] 39/60 VUs  00h06m50.0s/14h00m00.0s

running (00h06m51.0s), 39/60 VUs, 8792 complete and 0 interrupted iterations
diurnal   [   1% ] 39/60 VUs  00h06m51.0s/14h00m00.0s

running (00h06m52.0s), 40/60 VUs, 8831 complete and 0 interrupted iterations
diurnal   [   1% ] 40/60 VUs  00h06m52.0s/14h00m00.0s

running (00h06m53.0s), 40/60 VUs, 8871 complete and 0 interrupted iterations
diurnal   [   1% ] 40/60 VUs  00h06m53.0s/14h00m00.0s

running (00h06m54.0s), 40/60 VUs, 8911 complete and 0 interrupted iterations
diurnal   [   1% ] 40/60 VUs  00h06m54.0s/14h00m00.0s

running (00h07m20.7s), 41/60 VUs, 8951 complete and 0 interrupted iterations
diurnal   [   1% ] 41/60 VUs  00h06m55.0s/14h00m00.0s

running (00h07m21.7s), 41/60 VUs, 8992 complete and 0 interrupted iterations
diurnal   [   1% ] 41/60 VUs  00h06m56.0s/14h00m00.0s

running (00h07m22.7s), 41/60 VUs, 9033 complete and 0 interrupted iterations
diurnal   [   1% ] 41/60 VUs  00h06m57.0s/14h00m00.0s

running (00h07m23.7s), 41/60 VUs, 9074 complete and 0 interrupted iterations
diurnal   [   1% ] 41/60 VUs  00h06m58.0s/14h00m00.0s

running (00h07m24.7s), 42/60 VUs, 9115 complete and 0 interrupted iterations
diurnal   [   1% ] 42/60 VUs  00h06m59.0s/14h00m00.0s

running (00h07m25.7s), 42/60 VUs, 9157 complete and 0 interrupted iterations
diurnal   [   1% ] 42/60 VUs  00h07m00.0s/14h00m00.0s

running (00h07m26.7s), 42/60 VUs, 9199 complete and 0 interrupted iterations
diurnal   [   1% ] 42/60 VUs  00h07m01.0s/14h00m00.0s

running (00h07m27.7s), 43/60 VUs, 9240 complete and 0 interrupted iterations
diurnal   [   1% ] 43/60 VUs  00h07m02.0s/14h00m00.0s

running (00h07m28.7s), 43/60 VUs, 9283 complete and 0 interrupted iterations
diurnal   [   1% ] 43/60 VUs  00h07m03.0s/14h00m00.0s

running (00h07m29.7s), 43/60 VUs, 9326 complete and 0 interrupted iterations
diurnal   [   1% ] 43/60 VUs  00h07m04.0s/14h00m00.0s

running (00h07m30.7s), 43/60 VUs, 9369 complete and 0 interrupted iterations
diurnal   [   1% ] 43/60 VUs  00h07m05.0s/14h00m00.0s

running (00h07m31.7s), 44/60 VUs, 9412 complete and 0 interrupted iterations
diurnal   [   1% ] 44/60 VUs  00h07m06.0s/14h00m00.0s

running (00h07m32.7s), 44/60 VUs, 9456 complete and 0 interrupted iterations
diurnal   [   1% ] 44/60 VUs  00h07m07.0s/14h00m00.0s

running (00h07m33.7s), 44/60 VUs, 9500 complete and 0 interrupted iterations
diurnal   [   1% ] 44/60 VUs  00h07m08.0s/14h00m00.0s

running (00h07m34.7s), 45/60 VUs, 9544 complete and 0 interrupted iterations
diurnal   [   1% ] 45/60 VUs  00h07m09.0s/14h00m00.0s

running (00h07m35.7s), 45/60 VUs, 9588 complete and 0 interrupted iterations
diurnal   [   1% ] 45/60 VUs  00h07m10.0s/14h00m00.0s

running (00h07m36.7s), 45/60 VUs, 9633 complete and 0 interrupted iterations
diurnal   [   1% ] 45/60 VUs  00h07m11.0s/14h00m00.0s

running (00h07m37.7s), 45/60 VUs, 9678 complete and 0 interrupted iterations
diurnal   [   1% ] 45/60 VUs  00h07m12.0s/14h00m00.0s

running (00h07m38.7s), 46/60 VUs, 9723 complete and 0 interrupted iterations
diurnal   [   1% ] 46/60 VUs  00h07m13.0s/14h00m00.0s

running (00h07m39.7s), 46/60 VUs, 9769 complete and 0 interrupted iterations
diurnal   [   1% ] 46/60 VUs  00h07m14.0s/14h00m00.0s

running (00h07m40.7s), 46/60 VUs, 9815 complete and 0 interrupted iterations
diurnal   [   1% ] 46/60 VUs  00h07m15.0s/14h00m00.0s

running (00h07m41.7s), 47/60 VUs, 9861 complete and 0 interrupted iterations
diurnal   [   1% ] 47/60 VUs  00h07m16.0s/14h00m00.0s

running (00h07m42.7s), 47/60 VUs, 9908 complete and 0 interrupted iterations
diurnal   [   1% ] 47/60 VUs  00h07m17.0s/14h00m00.0s

running (00h07m43.7s), 47/60 VUs, 9955 complete and 0 interrupted iterations
diurnal   [   1% ] 47/60 VUs  00h07m18.0s/14h00m00.0s

running (00h07m44.7s), 48/60 VUs, 10002 complete and 0 interrupted iterations
diurnal   [   1% ] 48/60 VUs  00h07m19.0s/14h00m00.0s

running (00h07m45.7s), 48/60 VUs, 10050 complete and 0 interrupted iterations
diurnal   [   1% ] 48/60 VUs  00h07m20.0s/14h00m00.0s

running (00h07m46.7s), 48/60 VUs, 10098 complete and 0 interrupted iterations
diurnal   [   1% ] 48/60 VUs  00h07m21.0s/14h00m00.0s

running (00h07m47.7s), 48/60 VUs, 10146 complete and 0 interrupted iterations
diurnal   [   1% ] 48/60 VUs  00h07m22.0s/14h00m00.0s

running (00h07m48.7s), 49/60 VUs, 10194 complete and 0 interrupted iterations
diurnal   [   1% ] 49/60 VUs  00h07m23.0s/14h00m00.0s

running (00h07m49.7s), 49/60 VUs, 10243 complete and 0 interrupted iterations
diurnal   [   1% ] 49/60 VUs  00h07m24.0s/14h00m00.0s

running (00h07m50.7s), 49/60 VUs, 10292 complete and 0 interrupted iterations
diurnal   [   1% ] 49/60 VUs  00h07m25.0s/14h00m00.0s

running (00h07m51.7s), 50/60 VUs, 10341 complete and 0 interrupted iterations
diurnal   [   1% ] 50/60 VUs  00h07m26.0s/14h00m00.0s

running (00h07m52.7s), 50/60 VUs, 10389 complete and 0 interrupted iterations
diurnal   [   1% ] 50/60 VUs  00h07m27.0s/14h00m00.0s

running (00h07m53.7s), 50/60 VUs, 10439 complete and 0 interrupted iterations
diurnal   [   1% ] 50/60 VUs  00h07m28.0s/14h00m00.0s

running (00h07m54.7s), 50/60 VUs, 10489 complete and 0 interrupted iterations
diurnal   [   1% ] 50/60 VUs  00h07m29.0s/14h00m00.0s

running (00h07m55.7s), 51/60 VUs, 10539 complete and 0 interrupted iterations
diurnal   [   1% ] 51/60 VUs  00h07m30.0s/14h00m00.0s

running (00h07m56.7s), 51/60 VUs, 10590 complete and 0 interrupted iterations
diurnal   [   1% ] 51/60 VUs  00h07m31.0s/14h00m00.0s

running (00h07m57.7s), 51/60 VUs, 10641 complete and 0 interrupted iterations
diurnal   [   1% ] 51/60 VUs  00h07m32.0s/14h00m00.0s

running (00h07m58.7s), 52/60 VUs, 10692 complete and 0 interrupted iterations
diurnal   [   1% ] 52/60 VUs  00h07m33.0s/14h00m00.0s

running (00h07m59.7s), 52/60 VUs, 10744 complete and 0 interrupted iterations
diurnal   [   1% ] 52/60 VUs  00h07m34.0s/14h00m00.0s

running (00h08m00.7s), 52/60 VUs, 10796 complete and 0 interrupted iterations
diurnal   [   1% ] 52/60 VUs  00h07m35.0s/14h00m00.0s

running (00h08m01.7s), 52/60 VUs, 10848 complete and 0 interrupted iterations
diurnal   [   1% ] 52/60 VUs  00h07m36.0s/14h00m00.0s

running (00h08m02.7s), 53/60 VUs, 10900 complete and 0 interrupted iterations
diurnal   [   1% ] 53/60 VUs  00h07m37.0s/14h00m00.0s

running (00h08m03.7s), 53/60 VUs, 10953 complete and 0 interrupted iterations
diurnal   [   1% ] 53/60 VUs  00h07m38.0s/14h00m00.0s

running (00h08m04.7s), 53/60 VUs, 11006 complete and 0 interrupted iterations
diurnal   [   1% ] 53/60 VUs  00h07m39.0s/14h00m00.0s

running (00h08m05.7s), 54/60 VUs, 11059 complete and 0 interrupted iterations
diurnal   [   1% ] 54/60 VUs  00h07m40.0s/14h00m00.0s

running (00h08m06.7s), 54/60 VUs, 11113 complete and 0 interrupted iterations
diurnal   [   1% ] 54/60 VUs  00h07m41.0s/14h00m00.0s

running (00h08m07.7s), 54/60 VUs, 11167 complete and 0 interrupted iterations
diurnal   [   1% ] 54/60 VUs  00h07m42.0s/14h00m00.0s

running (00h08m08.7s), 55/60 VUs, 11221 complete and 0 interrupted iterations
diurnal   [   1% ] 55/60 VUs  00h07m43.0s/14h00m00.0s

running (00h08m09.7s), 55/60 VUs, 11276 complete and 0 interrupted iterations
diurnal   [   1% ] 55/60 VUs  00h07m44.0s/14h00m00.0s

running (00h08m10.7s), 55/60 VUs, 11331 complete and 0 interrupted iterations
diurnal   [   1% ] 55/60 VUs  00h07m45.0s/14h00m00.0s

running (00h08m11.7s), 55/60 VUs, 11386 complete and 0 interrupted iterations
diurnal   [   1% ] 55/60 VUs  00h07m46.0s/14h00m00.0s

running (00h08m12.7s), 56/60 VUs, 11441 complete and 0 interrupted iterations
diurnal   [   1% ] 56/60 VUs  00h07m47.0s/14h00m00.0s

running (00h08m13.7s), 56/60 VUs, 11497 complete and 0 interrupted iterations
diurnal   [   1% ] 56/60 VUs  00h07m48.0s/14h00m00.0s

running (00h08m14.7s), 56/60 VUs, 11553 complete and 0 interrupted iterations
diurnal   [   1% ] 56/60 VUs  00h07m49.0s/14h00m00.0s

running (00h08m15.7s), 57/60 VUs, 11609 complete and 0 interrupted iterations
diurnal   [   1% ] 57/60 VUs  00h07m50.0s/14h00m00.0s

running (00h08m16.7s), 57/60 VUs, 11666 complete and 0 interrupted iterations
diurnal   [   1% ] 57/60 VUs  00h07m51.0s/14h00m00.0s

running (00h08m17.7s), 57/60 VUs, 11723 complete and 0 interrupted iterations
diurnal   [   1% ] 57/60 VUs  00h07m52.0s/14h00m00.0s

running (00h08m18.7s), 57/60 VUs, 11776 complete and 0 interrupted iterations
diurnal   [   1% ] 57/60 VUs  00h07m53.0s/14h00m00.0s

running (00h08m19.7s), 58/60 VUs, 11833 complete and 0 interrupted iterations
diurnal   [   1% ] 58/60 VUs  00h07m54.0s/14h00m00.0s

running (00h08m20.7s), 58/60 VUs, 11891 complete and 0 interrupted iterations
diurnal   [   1% ] 58/60 VUs  00h07m55.0s/14h00m00.0s

running (00h08m21.7s), 58/60 VUs, 11949 complete and 0 interrupted iterations
diurnal   [   1% ] 58/60 VUs  00h07m56.0s/14h00m00.0s

running (00h08m22.7s), 59/60 VUs, 12007 complete and 0 interrupted iterations
diurnal   [   1% ] 59/60 VUs  00h07m57.0s/14h00m00.0s

running (00h08m23.7s), 59/60 VUs, 12066 complete and 0 interrupted iterations
diurnal   [   1% ] 59/60 VUs  00h07m58.0s/14h00m00.0s

running (00h08m24.7s), 59/60 VUs, 12125 complete and 0 interrupted iterations
diurnal   [   1% ] 59/60 VUs  00h07m59.0s/14h00m00.0s

running (00h08m25.7s), 59/60 VUs, 12184 complete and 0 interrupted iterations
diurnal   [   1% ] 59/60 VUs  00h08m00.0s/14h00m00.0s

running (00h08m26.7s), 60/60 VUs, 12243 complete and 0 interrupted iterations
diurnal   [   1% ] 60/60 VUs  00h08m01.0s/14h00m00.0s

running (00h08m27.7s), 60/60 VUs, 12303 complete and 0 interrupted iterations
diurnal   [   1% ] 60/60 VUs  00h08m02.0s/14h00m00.0s

running (00h08m28.7s), 60/60 VUs, 12363 complete and 0 interrupted iterations
diurnal   [   1% ] 60/60 VUs  00h08m03.0s/14h00m00.0s

running (00h08m29.7s), 59/60 VUs, 12423 complete and 0 interrupted iterations
diurnal   [   1% ] 59/60 VUs  00h08m04.0s/14h00m00.0s

running (00h08m30.7s), 58/60 VUs, 12482 complete and 0 interrupted iterations
diurnal   [   1% ] 58/60 VUs  00h08m05.0s/14h00m00.0s

running (00h08m31.7s), 58/60 VUs, 12540 complete and 0 interrupted iterations
diurnal   [   1% ] 58/60 VUs  00h08m06.0s/14h00m00.0s

running (00h08m32.7s), 58/60 VUs, 12598 complete and 0 interrupted iterations
diurnal   [   1% ] 58/60 VUs  00h08m07.0s/14h00m00.0s

running (00h08m33.7s), 57/60 VUs, 12656 complete and 0 interrupted iterations
diurnal   [   1% ] 57/60 VUs  00h08m08.0s/14h00m00.0s

running (00h08m34.7s), 56/60 VUs, 12713 complete and 0 interrupted iterations
diurnal   [   1% ] 56/60 VUs  00h08m09.0s/14h00m00.0s

running (00h08m35.7s), 56/60 VUs, 12769 complete and 0 interrupted iterations
diurnal   [   1% ] 56/60 VUs  00h08m10.0s/14h00m00.0s

running (00h08m36.7s), 56/60 VUs, 12825 complete and 0 interrupted iterations
diurnal   [   1% ] 56/60 VUs  00h08m11.0s/14h00m00.0s

running (00h08m37.7s), 55/60 VUs, 12880 complete and 0 interrupted iterations
diurnal   [   1% ] 55/60 VUs  00h08m12.0s/14h00m00.0s

running (00h08m38.7s), 55/60 VUs, 12935 complete and 0 interrupted iterations
diurnal   [   1% ] 55/60 VUs  00h08m13.0s/14h00m00.0s

running (00h08m39.7s), 54/60 VUs, 12990 complete and 0 interrupted iterations
diurnal   [   1% ] 54/60 VUs  00h08m14.0s/14h00m00.0s

running (00h08m40.7s), 54/60 VUs, 13044 complete and 0 interrupted iterations
diurnal   [   1% ] 54/60 VUs  00h08m15.0s/14h00m00.0s

running (00h08m41.7s), 53/60 VUs, 13098 complete and 0 interrupted iterations
diurnal   [   1% ] 53/60 VUs  00h08m16.0s/14h00m00.0s

running (00h08m42.7s), 53/60 VUs, 13151 complete and 0 interrupted iterations
diurnal   [   1% ] 53/60 VUs  00h08m17.0s/14h00m00.0s

running (00h12m30.5s), 53/60 VUs, 13204 complete and 0 interrupted iterations
diurnal   [   1% ] 53/60 VUs  00h08m18.0s/14h00m00.0s

running (00h12m31.5s), 52/60 VUs, 13257 complete and 0 interrupted iterations
diurnal   [   1% ] 52/60 VUs  00h08m19.0s/14h00m00.0s

running (00h12m32.5s), 51/60 VUs, 13309 complete and 0 interrupted iterations
diurnal   [   1% ] 51/60 VUs  00h08m20.0s/14h00m00.0s

running (00h12m33.5s), 51/60 VUs, 13360 complete and 0 interrupted iterations
diurnal   [   1% ] 51/60 VUs  00h08m21.0s/14h00m00.0s

running (00h12m34.5s), 51/60 VUs, 13411 complete and 0 interrupted iterations
diurnal   [   1% ] 51/60 VUs  00h08m22.0s/14h00m00.0s

running (00h12m35.5s), 50/60 VUs, 13462 complete and 0 interrupted iterations
diurnal   [   1% ] 50/60 VUs  00h08m23.0s/14h00m00.0s

running (00h12m36.5s), 50/60 VUs, 13512 complete and 0 interrupted iterations
diurnal   [   1% ] 50/60 VUs  00h08m24.0s/14h00m00.0s

running (00h12m37.5s), 49/60 VUs, 13562 complete and 0 interrupted iterations
diurnal   [   1% ] 49/60 VUs  00h08m25.0s/14h00m00.0s

running (00h12m38.5s), 49/60 VUs, 13611 complete and 0 interrupted iterations
diurnal   [   1% ] 49/60 VUs  00h08m26.0s/14h00m00.0s

running (00h12m39.5s), 48/60 VUs, 13660 complete and 0 interrupted iterations
diurnal   [   1% ] 48/60 VUs  00h08m27.0s/14h00m00.0s

running (00h12m40.5s), 48/60 VUs, 13708 complete and 0 interrupted iterations
diurnal   [   1% ] 48/60 VUs  00h08m28.0s/14h00m00.0s

running (00h12m41.5s), 48/60 VUs, 13755 complete and 0 interrupted iterations
diurnal   [   1% ] 48/60 VUs  00h08m29.0s/14h00m00.0s

running (00h12m42.5s), 47/60 VUs, 13803 complete and 0 interrupted iterations
diurnal   [   1% ] 47/60 VUs  00h08m30.0s/14h00m00.0s

running (00h12m43.5s), 46/60 VUs, 13850 complete and 0 interrupted iterations
diurnal   [   1% ] 46/60 VUs  00h08m31.0s/14h00m00.0s

running (00h12m44.5s), 46/60 VUs, 13896 complete and 0 interrupted iterations
diurnal   [   1% ] 46/60 VUs  00h08m32.0s/14h00m00.0s

running (00h12m45.5s), 46/60 VUs, 13934 complete and 0 interrupted iterations
diurnal   [   1% ] 46/60 VUs  00h08m33.0s/14h00m00.0s

running (00h12m46.5s), 45/60 VUs, 13979 complete and 0 interrupted iterations
diurnal   [   1% ] 45/60 VUs  00h08m34.0s/14h00m00.0s

running (00h12m47.5s), 45/60 VUs, 14024 complete and 0 interrupted iterations
diurnal   [   1% ] 45/60 VUs  00h08m35.0s/14h00m00.0s

running (00h12m48.5s), 44/60 VUs, 14069 complete and 0 interrupted iterations
diurnal   [   1% ] 44/60 VUs  00h08m36.0s/14h00m00.0s

running (00h12m49.5s), 44/60 VUs, 14113 complete and 0 interrupted iterations
diurnal   [   1% ] 44/60 VUs  00h08m37.0s/14h00m00.0s

running (00h12m50.5s), 43/60 VUs, 14157 complete and 0 interrupted iterations
diurnal   [   1% ] 43/60 VUs  00h08m38.0s/14h00m00.0s

running (00h12m51.5s), 43/60 VUs, 14200 complete and 0 interrupted iterations
diurnal   [   1% ] 43/60 VUs  00h08m39.0s/14h00m00.0s

running (00h12m52.5s), 43/60 VUs, 14243 complete and 0 interrupted iterations
diurnal   [   1% ] 43/60 VUs  00h08m40.0s/14h00m00.0s

running (00h12m53.5s), 42/60 VUs, 14286 complete and 0 interrupted iterations
diurnal   [   1% ] 42/60 VUs  00h08m41.0s/14h00m00.0s

running (00h12m54.5s), 41/60 VUs, 14328 complete and 0 interrupted iterations
diurnal   [   1% ] 41/60 VUs  00h08m42.0s/14h00m00.0s

running (00h12m55.5s), 41/60 VUs, 14369 complete and 0 interrupted iterations
diurnal   [   1% ] 41/60 VUs  00h08m43.0s/14h00m00.0s

running (00h12m56.5s), 41/60 VUs, 14410 complete and 0 interrupted iterations
diurnal   [   1% ] 41/60 VUs  00h08m44.0s/14h00m00.0s

running (00h12m57.5s), 40/60 VUs, 14451 complete and 0 interrupted iterations
diurnal   [   1% ] 40/60 VUs  00h08m45.0s/14h00m00.0s

running (00h12m58.5s), 39/60 VUs, 14491 complete and 0 interrupted iterations
diurnal   [   1% ] 39/60 VUs  00h08m46.0s/14h00m00.0s

running (00h12m59.5s), 39/60 VUs, 14530 complete and 0 interrupted iterations
diurnal   [   1% ] 39/60 VUs  00h08m47.0s/14h00m00.0s

running (00h13m00.5s), 39/60 VUs, 14569 complete and 0 interrupted iterations
diurnal   [   1% ] 39/60 VUs  00h08m48.0s/14h00m00.0s

running (00h13m01.5s), 38/60 VUs, 14608 complete and 0 interrupted iterations
diurnal   [   1% ] 38/60 VUs  00h08m49.0s/14h00m00.0s

running (00h13m02.5s), 38/60 VUs, 14646 complete and 0 interrupted iterations
diurnal   [   1% ] 38/60 VUs  00h08m50.0s/14h00m00.0s

running (00h13m03.5s), 38/60 VUs, 14684 complete and 0 interrupted iterations
diurnal   [   1% ] 38/60 VUs  00h08m51.0s/14h00m00.0s

running (00h13m04.5s), 37/60 VUs, 14722 complete and 0 interrupted iterations
diurnal   [   1% ] 37/60 VUs  00h08m52.0s/14h00m00.0s

running (00h13m05.5s), 36/60 VUs, 14759 complete and 0 interrupted iterations
diurnal   [   1% ] 36/60 VUs  00h08m53.0s/14h00m00.0s

running (00h13m06.5s), 36/60 VUs, 14795 complete and 0 interrupted iterations
diurnal   [   1% ] 36/60 VUs  00h08m54.0s/14h00m00.0s

running (00h13m37.0s), 36/60 VUs, 14831 complete and 0 interrupted iterations
diurnal   [   1% ] 36/60 VUs  00h08m55.0s/14h00m00.0s

running (00h13m38.0s), 35/60 VUs, 14867 complete and 0 interrupted iterations
diurnal   [   1% ] 35/60 VUs  00h08m56.0s/14h00m00.0s

running (00h13m39.0s), 34/60 VUs, 14902 complete and 0 interrupted iterations
diurnal   [   1% ] 34/60 VUs  00h08m57.0s/14h00m00.0s

running (00h13m40.0s), 34/60 VUs, 14936 complete and 0 interrupted iterations
diurnal   [   1% ] 34/60 VUs  00h08m58.0s/14h00m00.0s

running (00h13m41.0s), 34/60 VUs, 14970 complete and 0 interrupted iterations
diurnal   [   1% ] 34/60 VUs  00h08m59.0s/14h00m00.0s

running (00h13m42.0s), 33/60 VUs, 15004 complete and 0 interrupted iterations
diurnal   [   1% ] 33/60 VUs  00h09m00.0s/14h00m00.0s

running (00h13m43.0s), 33/60 VUs, 15037 complete and 0 interrupted iterations
diurnal   [   1% ] 33/60 VUs  00h09m01.0s/14h00m00.0s

running (00h13m44.0s), 33/60 VUs, 15065 complete and 0 interrupted iterations
diurnal   [   1% ] 33/60 VUs  00h09m02.0s/14h00m00.0s

running (00h13m45.0s), 32/60 VUs, 15098 complete and 0 interrupted iterations
diurnal   [   1% ] 32/60 VUs  00h09m03.0s/14h00m00.0s

running (00h13m46.0s), 31/60 VUs, 15129 complete and 0 interrupted iterations
diurnal   [   1% ] 31/60 VUs  00h09m04.0s/14h00m00.0s

running (00h13m47.0s), 31/60 VUs, 15147 complete and 0 interrupted iterations
diurnal   [   1% ] 31/60 VUs  00h09m05.0s/14h00m00.0s

running (00h13m48.0s), 30/60 VUs, 15178 complete and 0 interrupted iterations
diurnal   [   1% ] 30/60 VUs  00h09m06.0s/14h00m00.0s

running (00h13m49.0s), 30/60 VUs, 15208 complete and 0 interrupted iterations
diurnal   [   1% ] 30/60 VUs  00h09m07.0s/14h00m00.0s

running (00h13m50.0s), 30/60 VUs, 15238 complete and 0 interrupted iterations
diurnal   [   1% ] 30/60 VUs  00h09m08.0s/14h00m00.0s

running (00h13m51.0s), 29/60 VUs, 15268 complete and 0 interrupted iterations
diurnal   [   1% ] 29/60 VUs  00h09m09.0s/14h00m00.0s

running (00h13m52.0s), 29/60 VUs, 15297 complete and 0 interrupted iterations
diurnal   [   1% ] 29/60 VUs  00h09m10.0s/14h00m00.0s

running (00h13m53.0s), 28/60 VUs, 15326 complete and 0 interrupted iterations
diurnal   [   1% ] 28/60 VUs  00h09m11.0s/14h00m00.0s

running (00h13m54.0s), 28/60 VUs, 15354 complete and 0 interrupted iterations
diurnal   [   1% ] 28/60 VUs  00h09m12.0s/14h00m00.0s

running (00h14m20.0s), 27/60 VUs, 15383 complete and 0 interrupted iterations
diurnal   [   1% ] 27/60 VUs  00h09m13.1s/14h00m00.0s

running (00h14m20.9s), 27/60 VUs, 15409 complete and 0 interrupted iterations
diurnal   [   1% ] 27/60 VUs  00h09m14.0s/14h00m00.0s

running (00h14m21.9s), 26/60 VUs, 15436 complete and 0 interrupted iterations
diurnal   [   1% ] 26/60 VUs  00h09m15.0s/14h00m00.0s

running (00h14m22.9s), 26/60 VUs, 15462 complete and 0 interrupted iterations
diurnal   [   1% ] 26/60 VUs  00h09m16.0s/14h00m00.0s

running (00h14m23.9s), 25/60 VUs, 15488 complete and 0 interrupted iterations
diurnal   [   1% ] 25/60 VUs  00h09m17.0s/14h00m00.0s

running (00h14m24.9s), 25/60 VUs, 15513 complete and 0 interrupted iterations
diurnal   [   1% ] 25/60 VUs  00h09m18.0s/14h00m00.0s

running (00h14m25.9s), 25/60 VUs, 15538 complete and 0 interrupted iterations
diurnal   [   1% ] 25/60 VUs  00h09m19.0s/14h00m00.0s

running (00h14m26.9s), 24/60 VUs, 15563 complete and 0 interrupted iterations
diurnal   [   1% ] 24/60 VUs  00h09m20.0s/14h00m00.0s

running (00h14m27.9s), 23/60 VUs, 15587 complete and 0 interrupted iterations
diurnal   [   1% ] 23/60 VUs  00h09m21.0s/14h00m00.0s

running (00h14m28.9s), 23/60 VUs, 15610 complete and 0 interrupted iterations
diurnal   [   1% ] 23/60 VUs  00h09m22.0s/14h00m00.0s

running (00h14m29.9s), 23/60 VUs, 15633 complete and 0 interrupted iterations
diurnal   [   1% ] 23/60 VUs  00h09m23.0s/14h00m00.0s

running (00h14m30.9s), 22/60 VUs, 15656 complete and 0 interrupted iterations
diurnal   [   1% ] 22/60 VUs  00h09m24.0s/14h00m00.0s

running (00h14m31.9s), 22/60 VUs, 15678 complete and 0 interrupted iterations
diurnal   [   1% ] 22/60 VUs  00h09m25.0s/14h00m00.0s

running (00h28m39.5s), 21/60 VUs, 15700 complete and 0 interrupted iterations
diurnal   [   1% ] 21/60 VUs  00h09m26.0s/14h00m00.0s

running (00h28m40.5s), 21/60 VUs, 15721 complete and 0 interrupted iterations
diurnal   [   1% ] 21/60 VUs  00h09m27.0s/14h00m00.0s

running (00h28m41.5s), 20/60 VUs, 15742 complete and 0 interrupted iterations
diurnal   [   1% ] 20/60 VUs  00h09m28.0s/14h00m00.0s

running (00h28m42.5s), 20/60 VUs, 15762 complete and 0 interrupted iterations
diurnal   [   1% ] 20/60 VUs  00h09m29.0s/14h00m00.0s

running (00h28m43.5s), 19/60 VUs, 15782 complete and 0 interrupted iterations
diurnal   [   1% ] 19/60 VUs  00h09m30.0s/14h00m00.0s

running (00h28m44.5s), 19/60 VUs, 15801 complete and 0 interrupted iterations
diurnal   [   1% ] 19/60 VUs  00h09m31.0s/14h00m00.0s

running (00h28m45.5s), 18/60 VUs, 15820 complete and 0 interrupted iterations
diurnal   [   1% ] 18/60 VUs  00h09m32.0s/14h00m00.0s

running (00h28m46.5s), 18/60 VUs, 15838 complete and 0 interrupted iterations
diurnal   [   1% ] 18/60 VUs  00h09m33.0s/14h00m00.0s

running (00h28m47.5s), 18/60 VUs, 15856 complete and 0 interrupted iterations
diurnal   [   1% ] 18/60 VUs  00h09m34.0s/14h00m00.0s

running (00h28m48.5s), 17/60 VUs, 15874 complete and 0 interrupted iterations
diurnal   [   1% ] 17/60 VUs  00h09m35.0s/14h00m00.0s

running (00h28m49.5s), 17/60 VUs, 15891 complete and 0 interrupted iterations
diurnal   [   1% ] 17/60 VUs  00h09m36.0s/14h00m00.0s

running (00h28m50.5s), 16/60 VUs, 15908 complete and 0 interrupted iterations
diurnal   [   1% ] 16/60 VUs  00h09m37.0s/14h00m00.0s

running (00h28m51.5s), 16/60 VUs, 15924 complete and 0 interrupted iterations
diurnal   [   1% ] 16/60 VUs  00h09m38.0s/14h00m00.0s

running (00h28m52.5s), 15/60 VUs, 15940 complete and 0 interrupted iterations
diurnal   [   1% ] 15/60 VUs  00h09m39.0s/14h00m00.0s

running (00h28m53.5s), 15/60 VUs, 15955 complete and 0 interrupted iterations
diurnal   [   1% ] 15/60 VUs  00h09m40.0s/14h00m00.0s

running (00h28m54.5s), 14/60 VUs, 15970 complete and 0 interrupted iterations
diurnal   [   1% ] 14/60 VUs  00h09m41.0s/14h00m00.0s

running (00h28m55.5s), 14/60 VUs, 15984 complete and 0 interrupted iterations
diurnal   [   1% ] 14/60 VUs  00h09m42.0s/14h00m00.0s

running (00h28m56.5s), 13/60 VUs, 15998 complete and 0 interrupted iterations
diurnal   [   1% ] 13/60 VUs  00h09m43.0s/14h00m00.0s

running (00h28m57.5s), 13/60 VUs, 16011 complete and 0 interrupted iterations
diurnal   [   1% ] 13/60 VUs  00h09m44.0s/14h00m00.0s

running (00h28m58.5s), 13/60 VUs, 16024 complete and 0 interrupted iterations
diurnal   [   1% ] 13/60 VUs  00h09m45.0s/14h00m00.0s

running (00h28m59.5s), 12/60 VUs, 16037 complete and 0 interrupted iterations
diurnal   [   1% ] 12/60 VUs  00h09m46.0s/14h00m00.0s

running (00h29m00.5s), 12/60 VUs, 16049 complete and 0 interrupted iterations
diurnal   [   1% ] 12/60 VUs  00h09m47.0s/14h00m00.0s

running (00h29m01.5s), 11/60 VUs, 16061 complete and 0 interrupted iterations
diurnal   [   1% ] 11/60 VUs  00h09m48.0s/14h00m00.0s

running (00h29m02.5s), 11/60 VUs, 16072 complete and 0 interrupted iterations
diurnal   [   1% ] 11/60 VUs  00h09m49.0s/14h00m00.0s

running (00h29m03.5s), 10/60 VUs, 16083 complete and 0 interrupted iterations
diurnal   [   1% ] 10/60 VUs  00h09m50.0s/14h00m00.0s

running (00h29m04.5s), 10/60 VUs, 16093 complete and 0 interrupted iterations
diurnal   [   1% ] 10/60 VUs  00h09m51.0s/14h00m00.0s

running (00h29m05.5s), 09/60 VUs, 16103 complete and 0 interrupted iterations
diurnal   [   1% ] 09/60 VUs  00h09m52.0s/14h00m00.0s

running (00h29m06.5s), 09/60 VUs, 16112 complete and 0 interrupted iterations
diurnal   [   1% ] 09/60 VUs  00h09m53.0s/14h00m00.0s

running (00h29m07.5s), 08/60 VUs, 16121 complete and 0 interrupted iterations
diurnal   [   1% ] 08/60 VUs  00h09m54.0s/14h00m00.0s

running (00h29m08.5s), 08/60 VUs, 16129 complete and 0 interrupted iterations
diurnal   [   1% ] 08/60 VUs  00h09m55.0s/14h00m00.0s

running (00h29m09.5s), 07/60 VUs, 16137 complete and 0 interrupted iterations
diurnal   [   1% ] 07/60 VUs  00h09m56.0s/14h00m00.0s

running (00h29m10.5s), 07/60 VUs, 16144 complete and 0 interrupted iterations
diurnal   [   1% ] 07/60 VUs  00h09m57.0s/14h00m00.0s

running (00h29m11.5s), 06/60 VUs, 16151 complete and 0 interrupted iterations
diurnal   [   1% ] 06/60 VUs  00h09m58.0s/14h00m00.0s

running (00h29m12.5s), 06/60 VUs, 16157 complete and 0 interrupted iterations
diurnal   [   1% ] 06/60 VUs  00h09m59.0s/14h00m00.0s

running (00h29m13.5s), 06/60 VUs, 16163 complete and 0 interrupted iterations
diurnal   [   1% ] 06/60 VUs  00h10m00.0s/14h00m00.0s

running (00h29m14.5s), 05/60 VUs, 16169 complete and 0 interrupted iterations
diurnal   [   1% ] 05/60 VUs  00h10m01.0s/14h00m00.0s

running (00h29m15.5s), 05/60 VUs, 16174 complete and 0 interrupted iterations
diurnal   [   1% ] 05/60 VUs  00h10m02.0s/14h00m00.0s

running (00h29m16.5s), 05/60 VUs, 16179 complete and 0 interrupted iterations
diurnal   [   1% ] 05/60 VUs  00h10m03.0s/14h00m00.0s

running (00h29m17.5s), 05/60 VUs, 16184 complete and 0 interrupted iterations
diurnal   [   1% ] 05/60 VUs  00h10m04.0s/14h00m00.0s
